mode: atomic
github.com/bmanson/backstop-core/pkg/validate/adr.go:16.77,22.31 4 0
github.com/bmanson/backstop-core/pkg/validate/adr.go:22.31,24.17 2 0
github.com/bmanson/backstop-core/pkg/validate/adr.go:24.17,26.4 1 0
github.com/bmanson/backstop-core/pkg/validate/adr.go:27.3,27.18 1 0
github.com/bmanson/backstop-core/pkg/validate/adr.go:27.18,34.4 1 0
github.com/bmanson/backstop-core/pkg/validate/adr.go:38.2,38.41 1 0
github.com/bmanson/backstop-core/pkg/validate/adr.go:38.41,40.17 2 0
github.com/bmanson/backstop-core/pkg/validate/adr.go:40.17,43.73 3 0
github.com/bmanson/backstop-core/pkg/validate/adr.go:43.73,45.5 1 0
github.com/bmanson/backstop-core/pkg/validate/adr.go:46.4,46.73 1 0
github.com/bmanson/backstop-core/pkg/validate/adr.go:46.73,48.5 1 0
github.com/bmanson/backstop-core/pkg/validate/adr.go:49.4,49.14 1 0
github.com/bmanson/backstop-core/pkg/validate/adr.go:49.14,56.5 1 0
github.com/bmanson/backstop-core/pkg/validate/adr.go:61.2,61.16 1 0
github.com/bmanson/backstop-core/pkg/validate/adr.go:61.16,63.15 2 0
github.com/bmanson/backstop-core/pkg/validate/adr.go:63.15,65.80 2 0
github.com/bmanson/backstop-core/pkg/validate/adr.go:65.80,72.5 1 0
github.com/bmanson/backstop-core/pkg/validate/adr.go:77.2,77.16 1 0
github.com/bmanson/backstop-core/pkg/validate/adr.go:77.16,79.34 2 0
github.com/bmanson/backstop-core/pkg/validate/adr.go:79.34,81.53 2 0
github.com/bmanson/backstop-core/pkg/validate/adr.go:81.53,88.5 1 0
github.com/bmanson/backstop-core/pkg/validate/adr.go:93.2,93.29 1 0
github.com/bmanson/backstop-core/pkg/validate/adr.go:93.29,96.36 3 0
github.com/bmanson/backstop-core/pkg/validate/adr.go:96.36,97.19 1 0
github.com/bmanson/backstop-core/pkg/validate/adr.go:97.19,99.10 2 0
github.com/bmanson/backstop-core/pkg/validate/adr.go:102.3,102.13 1 0
github.com/bmanson/backstop-core/pkg/validate/adr.go:102.13,109.4 1 0
github.com/bmanson/backstop-core/pkg/validate/adr.go:113.2,113.44 1 0
github.com/bmanson/backstop-core/pkg/validate/adr.go:113.44,115.34 2 0
github.com/bmanson/backstop-core/pkg/validate/adr.go:115.34,116.63 1 0
github.com/bmanson/backstop-core/pkg/validate/adr.go:116.63,118.10 2 0
github.com/bmanson/backstop-core/pkg/validate/adr.go:121.3,121.13 1 0
github.com/bmanson/backstop-core/pkg/validate/adr.go:121.13,128.4 1 0
github.com/bmanson/backstop-core/pkg/validate/adr.go:132.2,132.62 1 0
github.com/bmanson/backstop-core/pkg/validate/adr.go:132.62,134.80 2 0
github.com/bmanson/backstop-core/pkg/validate/adr.go:134.80,141.4 1 0
github.com/bmanson/backstop-core/pkg/validate/adr.go:144.2,147.47 4 0
github.com/bmanson/backstop-core/pkg/validate/adr.go:152.42,154.24 1 0
github.com/bmanson/backstop-core/pkg/validate/adr.go:154.24,156.3 1 0
github.com/bmanson/backstop-core/pkg/validate/adr.go:157.2,159.40 2 0
github.com/bmanson/backstop-core/pkg/validate/adr.go:159.40,161.3 1 0
github.com/bmanson/backstop-core/pkg/validate/adr.go:162.2,162.11 1 0
github.com/bmanson/backstop-core/pkg/validate/base.go:13.78,16.21 2 70
github.com/bmanson/backstop-core/pkg/validate/base.go:16.21,23.3 1 1
github.com/bmanson/backstop-core/pkg/validate/base.go:25.2,25.43 1 70
github.com/bmanson/backstop-core/pkg/validate/base.go:25.43,27.38 1 350
github.com/bmanson/backstop-core/pkg/validate/base.go:27.38,28.12 1 70
github.com/bmanson/backstop-core/pkg/validate/base.go:30.3,31.31 2 280
github.com/bmanson/backstop-core/pkg/validate/base.go:31.31,32.33 1 786
github.com/bmanson/backstop-core/pkg/validate/base.go:32.33,34.10 2 276
github.com/bmanson/backstop-core/pkg/validate/base.go:37.3,37.13 1 280
github.com/bmanson/backstop-core/pkg/validate/base.go:37.13,44.4 1 4
github.com/bmanson/backstop-core/pkg/validate/base.go:47.2,47.47 1 70
github.com/bmanson/backstop-core/pkg/validate/base.go:47.47,49.34 2 280
github.com/bmanson/backstop-core/pkg/validate/base.go:49.34,50.20 1 689
github.com/bmanson/backstop-core/pkg/validate/base.go:50.20,52.10 2 275
github.com/bmanson/backstop-core/pkg/validate/base.go:55.3,55.13 1 280
github.com/bmanson/backstop-core/pkg/validate/base.go:55.13,62.4 1 5
github.com/bmanson/backstop-core/pkg/validate/base.go:65.2,65.49 1 70
github.com/bmanson/backstop-core/pkg/validate/bundle.go:35.80,41.31 4 0
github.com/bmanson/backstop-core/pkg/validate/bundle.go:41.31,43.17 2 0
github.com/bmanson/backstop-core/pkg/validate/bundle.go:43.17,45.4 1 0
github.com/bmanson/backstop-core/pkg/validate/bundle.go:46.3,46.18 1 0
github.com/bmanson/backstop-core/pkg/validate/bundle.go:46.18,53.4 1 0
github.com/bmanson/backstop-core/pkg/validate/bundle.go:57.2,57.62 1 0
github.com/bmanson/backstop-core/pkg/validate/bundle.go:57.62,59.80 2 0
github.com/bmanson/backstop-core/pkg/validate/bundle.go:59.80,66.4 1 0
github.com/bmanson/backstop-core/pkg/validate/bundle.go:70.2,77.16 4 0
github.com/bmanson/backstop-core/pkg/validate/bundle.go:77.16,79.3 1 0
github.com/bmanson/backstop-core/pkg/validate/bundle.go:82.2,99.47 9 0
github.com/bmanson/backstop-core/pkg/validate/bundle.go:103.68,107.9 3 0
github.com/bmanson/backstop-core/pkg/validate/bundle.go:107.9,115.3 2 0
github.com/bmanson/backstop-core/pkg/validate/bundle.go:117.2,118.9 2 0
github.com/bmanson/backstop-core/pkg/validate/bundle.go:118.9,126.3 2 0
github.com/bmanson/backstop-core/pkg/validate/bundle.go:129.2,129.53 1 0
github.com/bmanson/backstop-core/pkg/validate/bundle.go:129.53,136.3 1 0
github.com/bmanson/backstop-core/pkg/validate/bundle.go:136.8,136.44 1 0
github.com/bmanson/backstop-core/pkg/validate/bundle.go:136.44,143.3 1 0
github.com/bmanson/backstop-core/pkg/validate/bundle.go:146.2,146.59 1 0
github.com/bmanson/backstop-core/pkg/validate/bundle.go:146.59,153.3 1 0
github.com/bmanson/backstop-core/pkg/validate/bundle.go:153.8,153.43 1 0
github.com/bmanson/backstop-core/pkg/validate/bundle.go:153.43,160.3 1 0
github.com/bmanson/backstop-core/pkg/validate/bundle.go:163.2,163.59 1 0
github.com/bmanson/backstop-core/pkg/validate/bundle.go:163.59,170.3 1 0
github.com/bmanson/backstop-core/pkg/validate/bundle.go:170.8,170.41 1 0
github.com/bmanson/backstop-core/pkg/validate/bundle.go:170.41,177.3 1 0
github.com/bmanson/backstop-core/pkg/validate/bundle.go:180.2,180.56 1 0
github.com/bmanson/backstop-core/pkg/validate/bundle.go:180.56,187.3 1 0
github.com/bmanson/backstop-core/pkg/validate/bundle.go:187.8,187.35 1 0
github.com/bmanson/backstop-core/pkg/validate/bundle.go:187.35,194.3 1 0
github.com/bmanson/backstop-core/pkg/validate/bundle.go:196.2,196.19 1 0
github.com/bmanson/backstop-core/pkg/validate/bundle.go:200.68,204.9 3 0
github.com/bmanson/backstop-core/pkg/validate/bundle.go:204.9,212.3 2 0
github.com/bmanson/backstop-core/pkg/validate/bundle.go:214.2,215.9 2 0
github.com/bmanson/backstop-core/pkg/validate/bundle.go:215.9,223.3 2 0
github.com/bmanson/backstop-core/pkg/validate/bundle.go:225.2,225.54 1 0
github.com/bmanson/backstop-core/pkg/validate/bundle.go:225.54,232.3 1 0
github.com/bmanson/backstop-core/pkg/validate/bundle.go:232.8,232.31 1 0
github.com/bmanson/backstop-core/pkg/validate/bundle.go:232.31,239.3 1 0
github.com/bmanson/backstop-core/pkg/validate/bundle.go:241.2,241.19 1 0
github.com/bmanson/backstop-core/pkg/validate/bundle.go:245.80,249.9 3 0
github.com/bmanson/backstop-core/pkg/validate/bundle.go:249.9,251.3 1 0
github.com/bmanson/backstop-core/pkg/validate/bundle.go:252.2,253.9 2 0
github.com/bmanson/backstop-core/pkg/validate/bundle.go:253.9,255.3 1 0
github.com/bmanson/backstop-core/pkg/validate/bundle.go:256.2,257.9 2 0
github.com/bmanson/backstop-core/pkg/validate/bundle.go:257.9,259.3 1 0
github.com/bmanson/backstop-core/pkg/validate/bundle.go:262.2,263.48 2 0
github.com/bmanson/backstop-core/pkg/validate/bundle.go:263.48,265.3 1 0
github.com/bmanson/backstop-core/pkg/validate/bundle.go:265.8,265.50 1 0
github.com/bmanson/backstop-core/pkg/validate/bundle.go:265.50,267.3 1 0
github.com/bmanson/backstop-core/pkg/validate/bundle.go:269.2,269.18 1 0
github.com/bmanson/backstop-core/pkg/validate/bundle.go:269.18,276.3 1 0
github.com/bmanson/backstop-core/pkg/validate/bundle.go:278.2,278.19 1 0
github.com/bmanson/backstop-core/pkg/validate/bundle.go:282.76,286.9 3 0
github.com/bmanson/backstop-core/pkg/validate/bundle.go:286.9,288.3 1 0
github.com/bmanson/backstop-core/pkg/validate/bundle.go:289.2,290.9 2 0
github.com/bmanson/backstop-core/pkg/validate/bundle.go:290.9,292.3 1 0
github.com/bmanson/backstop-core/pkg/validate/bundle.go:294.2,295.31 2 0
github.com/bmanson/backstop-core/pkg/validate/bundle.go:295.31,297.3 1 0
github.com/bmanson/backstop-core/pkg/validate/bundle.go:300.2,300.53 1 0
github.com/bmanson/backstop-core/pkg/validate/bundle.go:300.53,307.3 1 0
github.com/bmanson/backstop-core/pkg/validate/bundle.go:309.2,309.19 1 0
github.com/bmanson/backstop-core/pkg/validate/bundle.go:313.87,316.50 2 0
github.com/bmanson/backstop-core/pkg/validate/bundle.go:316.50,318.3 1 0
github.com/bmanson/backstop-core/pkg/validate/bundle.go:321.2,330.25 4 0
github.com/bmanson/backstop-core/pkg/validate/bundle.go:330.25,332.3 1 0
github.com/bmanson/backstop-core/pkg/validate/bundle.go:334.2,334.29 1 0
github.com/bmanson/backstop-core/pkg/validate/bundle.go:334.29,335.53 1 0
github.com/bmanson/backstop-core/pkg/validate/bundle.go:335.53,342.4 1 0
github.com/bmanson/backstop-core/pkg/validate/bundle.go:346.2,347.33 2 0
github.com/bmanson/backstop-core/pkg/validate/bundle.go:347.33,349.3 1 0
github.com/bmanson/backstop-core/pkg/validate/bundle.go:350.2,350.41 1 0
github.com/bmanson/backstop-core/pkg/validate/bundle.go:350.41,351.27 1 0
github.com/bmanson/backstop-core/pkg/validate/bundle.go:351.27,358.4 1 0
github.com/bmanson/backstop-core/pkg/validate/bundle.go:361.2,361.19 1 0
github.com/bmanson/backstop-core/pkg/validate/bundle.go:365.66,369.9 3 0
github.com/bmanson/backstop-core/pkg/validate/bundle.go:369.9,371.3 1 0
github.com/bmanson/backstop-core/pkg/validate/bundle.go:372.2,373.9 2 0
github.com/bmanson/backstop-core/pkg/validate/bundle.go:373.9,375.3 1 0
github.com/bmanson/backstop-core/pkg/validate/bundle.go:377.2,378.26 2 0
github.com/bmanson/backstop-core/pkg/validate/bundle.go:378.26,380.3 1 0
github.com/bmanson/backstop-core/pkg/validate/bundle.go:382.2,383.9 2 0
github.com/bmanson/backstop-core/pkg/validate/bundle.go:383.9,391.3 2 0
github.com/bmanson/backstop-core/pkg/validate/bundle.go:393.2,394.9 2 0
github.com/bmanson/backstop-core/pkg/validate/bundle.go:394.9,402.3 2 0
github.com/bmanson/backstop-core/pkg/validate/bundle.go:405.2,405.47 1 0
github.com/bmanson/backstop-core/pkg/validate/bundle.go:405.47,412.3 1 0
github.com/bmanson/backstop-core/pkg/validate/bundle.go:412.8,412.38 1 0
github.com/bmanson/backstop-core/pkg/validate/bundle.go:412.38,419.3 1 0
github.com/bmanson/backstop-core/pkg/validate/bundle.go:422.2,422.48 1 0
github.com/bmanson/backstop-core/pkg/validate/bundle.go:422.48,429.3 1 0
github.com/bmanson/backstop-core/pkg/validate/bundle.go:432.2,432.58 1 0
github.com/bmanson/backstop-core/pkg/validate/bundle.go:432.58,439.3 1 0
github.com/bmanson/backstop-core/pkg/validate/bundle.go:442.2,443.18 2 0
github.com/bmanson/backstop-core/pkg/validate/bundle.go:443.18,450.3 1 0
github.com/bmanson/backstop-core/pkg/validate/bundle.go:450.8,452.32 2 0
github.com/bmanson/backstop-core/pkg/validate/bundle.go:452.32,459.4 1 0
github.com/bmanson/backstop-core/pkg/validate/bundle.go:462.2,462.19 1 0
github.com/bmanson/backstop-core/pkg/validate/bundle.go:467.88,470.50 2 0
github.com/bmanson/backstop-core/pkg/validate/bundle.go:470.50,472.3 1 0
github.com/bmanson/backstop-core/pkg/validate/bundle.go:474.2,475.9 2 0
github.com/bmanson/backstop-core/pkg/validate/bundle.go:475.9,477.3 1 0
github.com/bmanson/backstop-core/pkg/validate/bundle.go:478.2,479.9 2 0
github.com/bmanson/backstop-core/pkg/validate/bundle.go:479.9,481.3 1 0
github.com/bmanson/backstop-core/pkg/validate/bundle.go:483.2,484.9 2 0
github.com/bmanson/backstop-core/pkg/validate/bundle.go:484.9,486.3 1 0
github.com/bmanson/backstop-core/pkg/validate/bundle.go:488.2,488.40 1 0
github.com/bmanson/backstop-core/pkg/validate/bundle.go:488.40,495.3 1 0
github.com/bmanson/backstop-core/pkg/validate/bundle.go:497.2,497.19 1 0
github.com/bmanson/backstop-core/pkg/validate/bundle.go:505.92,511.9 4 0
github.com/bmanson/backstop-core/pkg/validate/bundle.go:511.9,512.22 1 0
github.com/bmanson/backstop-core/pkg/validate/bundle.go:512.22,519.4 1 0
github.com/bmanson/backstop-core/pkg/validate/bundle.go:520.3,520.20 1 0
github.com/bmanson/backstop-core/pkg/validate/bundle.go:523.2,524.9 2 0
github.com/bmanson/backstop-core/pkg/validate/bundle.go:524.9,532.3 2 0
github.com/bmanson/backstop-core/pkg/validate/bundle.go:534.2,534.39 1 0
github.com/bmanson/backstop-core/pkg/validate/bundle.go:534.39,542.3 2 0
github.com/bmanson/backstop-core/pkg/validate/bundle.go:544.2,545.28 2 0
github.com/bmanson/backstop-core/pkg/validate/bundle.go:545.28,548.10 3 0
github.com/bmanson/backstop-core/pkg/validate/bundle.go:548.10,555.12 2 0
github.com/bmanson/backstop-core/pkg/validate/bundle.go:559.3,559.47 1 0
github.com/bmanson/backstop-core/pkg/validate/bundle.go:559.47,566.4 1 0
github.com/bmanson/backstop-core/pkg/validate/bundle.go:566.9,566.44 1 0
github.com/bmanson/backstop-core/pkg/validate/bundle.go:566.44,573.4 1 0
github.com/bmanson/backstop-core/pkg/validate/bundle.go:573.9,574.16 1 0
github.com/bmanson/backstop-core/pkg/validate/bundle.go:574.16,581.5 1 0
github.com/bmanson/backstop-core/pkg/validate/bundle.go:582.4,582.19 1 0
github.com/bmanson/backstop-core/pkg/validate/bundle.go:586.3,586.48 1 0
github.com/bmanson/backstop-core/pkg/validate/bundle.go:586.48,593.4 1 0
github.com/bmanson/backstop-core/pkg/validate/bundle.go:596.2,596.19 1 0
github.com/bmanson/backstop-core/pkg/validate/bundle.go:600.59,602.9 2 0
github.com/bmanson/backstop-core/pkg/validate/bundle.go:602.9,604.3 1 0
github.com/bmanson/backstop-core/pkg/validate/bundle.go:605.2,606.9 2 0
github.com/bmanson/backstop-core/pkg/validate/bundle.go:606.9,608.3 1 0
github.com/bmanson/backstop-core/pkg/validate/bundle.go:609.2,610.9 2 0
github.com/bmanson/backstop-core/pkg/validate/bundle.go:610.9,612.3 1 0
github.com/bmanson/backstop-core/pkg/validate/bundle.go:613.2,613.10 1 0
github.com/bmanson/backstop-core/pkg/validate/bundle.go:618.74,621.29 3 0
github.com/bmanson/backstop-core/pkg/validate/bundle.go:621.29,623.10 2 0
github.com/bmanson/backstop-core/pkg/validate/bundle.go:623.10,625.4 1 0
github.com/bmanson/backstop-core/pkg/validate/bundle.go:626.3,626.24 1 0
github.com/bmanson/backstop-core/pkg/validate/bundle.go:626.24,628.27 1 0
github.com/bmanson/backstop-core/pkg/validate/bundle.go:629.16,630.38 1 0
github.com/bmanson/backstop-core/pkg/validate/bundle.go:631.23,632.22 1 0
github.com/bmanson/backstop-core/pkg/validate/bundle.go:633.12,634.22 1 0
github.com/bmanson/backstop-core/pkg/validate/bundle.go:638.3,639.10 2 0
github.com/bmanson/backstop-core/pkg/validate/bundle.go:639.10,641.4 1 0
github.com/bmanson/backstop-core/pkg/validate/bundle.go:642.3,642.17 1 0
github.com/bmanson/backstop-core/pkg/validate/bundle.go:644.2,644.14 1 0
github.com/bmanson/backstop-core/pkg/validate/bundle.go:649.74,651.9 2 0
github.com/bmanson/backstop-core/pkg/validate/bundle.go:651.9,653.3 1 0
github.com/bmanson/backstop-core/pkg/validate/bundle.go:654.2,655.39 2 0
github.com/bmanson/backstop-core/pkg/validate/bundle.go:655.39,657.3 1 0
github.com/bmanson/backstop-core/pkg/validate/bundle.go:658.2,658.16 1 0
github.com/bmanson/backstop-core/pkg/validate/contracts.go:17.92,21.9 3 70
github.com/bmanson/backstop-core/pkg/validate/contracts.go:21.9,29.3 2 1
github.com/bmanson/backstop-core/pkg/validate/contracts.go:31.2,32.9 2 69
github.com/bmanson/backstop-core/pkg/validate/contracts.go:32.9,40.3 2 0
github.com/bmanson/backstop-core/pkg/validate/contracts.go:42.2,42.25 1 69
github.com/bmanson/backstop-core/pkg/validate/contracts.go:42.25,50.3 2 0
github.com/bmanson/backstop-core/pkg/validate/contracts.go:52.2,53.33 2 69
github.com/bmanson/backstop-core/pkg/validate/contracts.go:53.33,55.10 2 69
github.com/bmanson/backstop-core/pkg/validate/contracts.go:55.10,62.12 2 0
github.com/bmanson/backstop-core/pkg/validate/contracts.go:65.3,69.15 3 69
github.com/bmanson/backstop-core/pkg/validate/contracts.go:69.15,76.4 1 0
github.com/bmanson/backstop-core/pkg/validate/contracts.go:76.9,76.74 1 69
github.com/bmanson/backstop-core/pkg/validate/contracts.go:76.74,83.4 1 0
github.com/bmanson/backstop-core/pkg/validate/contracts.go:83.9,84.20 1 69
github.com/bmanson/backstop-core/pkg/validate/contracts.go:84.20,91.5 1 0
github.com/bmanson/backstop-core/pkg/validate/contracts.go:91.10,93.5 1 69
github.com/bmanson/backstop-core/pkg/validate/contracts.go:97.3,100.43 3 69
github.com/bmanson/backstop-core/pkg/validate/contracts.go:100.43,102.11 2 69
github.com/bmanson/backstop-core/pkg/validate/contracts.go:102.11,109.5 1 0
github.com/bmanson/backstop-core/pkg/validate/contracts.go:109.10,111.32 2 69
github.com/bmanson/backstop-core/pkg/validate/contracts.go:111.32,114.6 1 69
github.com/bmanson/backstop-core/pkg/validate/contracts.go:118.3,118.43 1 69
github.com/bmanson/backstop-core/pkg/validate/contracts.go:118.43,120.11 2 69
github.com/bmanson/backstop-core/pkg/validate/contracts.go:120.11,127.5 1 0
github.com/bmanson/backstop-core/pkg/validate/contracts.go:127.10,129.32 2 69
github.com/bmanson/backstop-core/pkg/validate/contracts.go:129.32,132.6 1 69
github.com/bmanson/backstop-core/pkg/validate/contracts.go:136.3,136.35 1 69
github.com/bmanson/backstop-core/pkg/validate/contracts.go:136.35,143.4 1 0
github.com/bmanson/backstop-core/pkg/validate/contracts.go:146.2,146.19 1 69
github.com/bmanson/backstop-core/pkg/validate/contracts.go:150.93,154.9 3 69
github.com/bmanson/backstop-core/pkg/validate/contracts.go:154.9,162.3 2 0
github.com/bmanson/backstop-core/pkg/validate/contracts.go:165.2,165.32 1 69
github.com/bmanson/backstop-core/pkg/validate/contracts.go:165.32,172.3 1 0
github.com/bmanson/backstop-core/pkg/validate/contracts.go:172.8,172.70 1 69
github.com/bmanson/backstop-core/pkg/validate/contracts.go:172.70,179.3 1 0
github.com/bmanson/backstop-core/pkg/validate/contracts.go:182.2,182.35 1 69
github.com/bmanson/backstop-core/pkg/validate/contracts.go:182.35,189.3 1 0
github.com/bmanson/backstop-core/pkg/validate/contracts.go:189.8,189.64 1 69
github.com/bmanson/backstop-core/pkg/validate/contracts.go:189.64,196.3 1 0
github.com/bmanson/backstop-core/pkg/validate/contracts.go:199.2,199.39 1 69
github.com/bmanson/backstop-core/pkg/validate/contracts.go:199.39,206.3 1 0
github.com/bmanson/backstop-core/pkg/validate/contracts.go:206.8,206.72 1 69
github.com/bmanson/backstop-core/pkg/validate/contracts.go:206.72,213.3 1 0
github.com/bmanson/backstop-core/pkg/validate/contracts.go:215.2,215.19 1 69
github.com/bmanson/backstop-core/pkg/validate/contracts.go:219.93,223.9 3 69
github.com/bmanson/backstop-core/pkg/validate/contracts.go:223.9,231.3 2 0
github.com/bmanson/backstop-core/pkg/validate/contracts.go:234.2,234.33 1 69
github.com/bmanson/backstop-core/pkg/validate/contracts.go:234.33,241.3 1 0
github.com/bmanson/backstop-core/pkg/validate/contracts.go:241.8,241.69 1 69
github.com/bmanson/backstop-core/pkg/validate/contracts.go:241.69,248.3 1 0
github.com/bmanson/backstop-core/pkg/validate/contracts.go:251.2,251.32 1 69
github.com/bmanson/backstop-core/pkg/validate/contracts.go:251.32,258.3 1 0
github.com/bmanson/backstop-core/pkg/validate/contracts.go:258.8,258.70 1 69
github.com/bmanson/backstop-core/pkg/validate/contracts.go:258.70,265.3 1 0
github.com/bmanson/backstop-core/pkg/validate/contracts.go:268.2,268.35 1 69
github.com/bmanson/backstop-core/pkg/validate/contracts.go:268.35,275.3 1 0
github.com/bmanson/backstop-core/pkg/validate/contracts.go:275.8,275.64 1 69
github.com/bmanson/backstop-core/pkg/validate/contracts.go:275.64,282.3 1 0
github.com/bmanson/backstop-core/pkg/validate/contracts.go:284.2,284.19 1 69
github.com/bmanson/backstop-core/pkg/validate/contracts.go:291.95,295.9 3 70
github.com/bmanson/backstop-core/pkg/validate/contracts.go:295.9,297.3 1 70
github.com/bmanson/backstop-core/pkg/validate/contracts.go:299.2,300.9 2 0
github.com/bmanson/backstop-core/pkg/validate/contracts.go:300.9,308.3 2 0
github.com/bmanson/backstop-core/pkg/validate/contracts.go:310.2,310.20 1 0
github.com/bmanson/backstop-core/pkg/validate/contracts.go:310.20,318.3 2 0
github.com/bmanson/backstop-core/pkg/validate/contracts.go:320.2,321.28 2 0
github.com/bmanson/backstop-core/pkg/validate/contracts.go:321.28,324.40 3 0
github.com/bmanson/backstop-core/pkg/validate/contracts.go:324.40,331.12 2 0
github.com/bmanson/backstop-core/pkg/validate/contracts.go:334.3,334.37 1 0
github.com/bmanson/backstop-core/pkg/validate/contracts.go:334.37,341.4 1 0
github.com/bmanson/backstop-core/pkg/validate/contracts.go:343.3,343.14 1 0
github.com/bmanson/backstop-core/pkg/validate/contracts.go:343.14,350.4 1 0
github.com/bmanson/backstop-core/pkg/validate/contracts.go:351.3,351.17 1 0
github.com/bmanson/backstop-core/pkg/validate/contracts.go:354.2,354.19 1 0
github.com/bmanson/backstop-core/pkg/validate/issue.go:34.79,40.31 4 0
github.com/bmanson/backstop-core/pkg/validate/issue.go:40.31,42.17 2 0
github.com/bmanson/backstop-core/pkg/validate/issue.go:42.17,44.4 1 0
github.com/bmanson/backstop-core/pkg/validate/issue.go:45.3,45.18 1 0
github.com/bmanson/backstop-core/pkg/validate/issue.go:45.18,52.4 1 0
github.com/bmanson/backstop-core/pkg/validate/issue.go:56.2,56.62 1 0
github.com/bmanson/backstop-core/pkg/validate/issue.go:56.62,58.80 2 0
github.com/bmanson/backstop-core/pkg/validate/issue.go:58.80,65.4 1 0
github.com/bmanson/backstop-core/pkg/validate/issue.go:69.2,73.16 3 0
github.com/bmanson/backstop-core/pkg/validate/issue.go:73.16,75.3 1 0
github.com/bmanson/backstop-core/pkg/validate/issue.go:78.2,92.47 8 0
github.com/bmanson/backstop-core/pkg/validate/issue.go:96.86,100.9 3 0
github.com/bmanson/backstop-core/pkg/validate/issue.go:100.9,108.3 2 0
github.com/bmanson/backstop-core/pkg/validate/issue.go:110.2,111.9 2 0
github.com/bmanson/backstop-core/pkg/validate/issue.go:111.9,119.3 2 0
github.com/bmanson/backstop-core/pkg/validate/issue.go:122.2,122.48 1 0
github.com/bmanson/backstop-core/pkg/validate/issue.go:122.48,129.3 1 0
github.com/bmanson/backstop-core/pkg/validate/issue.go:129.8,129.39 1 0
github.com/bmanson/backstop-core/pkg/validate/issue.go:129.39,136.3 1 0
github.com/bmanson/backstop-core/pkg/validate/issue.go:139.2,139.50 1 0
github.com/bmanson/backstop-core/pkg/validate/issue.go:139.50,146.3 1 0
github.com/bmanson/backstop-core/pkg/validate/issue.go:149.2,149.51 1 0
github.com/bmanson/backstop-core/pkg/validate/issue.go:149.51,156.3 1 0
github.com/bmanson/backstop-core/pkg/validate/issue.go:156.8,156.29 1 0
github.com/bmanson/backstop-core/pkg/validate/issue.go:156.29,163.3 1 0
github.com/bmanson/backstop-core/pkg/validate/issue.go:166.2,166.51 1 0
github.com/bmanson/backstop-core/pkg/validate/issue.go:166.51,173.3 1 0
github.com/bmanson/backstop-core/pkg/validate/issue.go:173.8,173.30 1 0
github.com/bmanson/backstop-core/pkg/validate/issue.go:173.30,180.3 1 0
github.com/bmanson/backstop-core/pkg/validate/issue.go:180.8,182.3 1 0
github.com/bmanson/backstop-core/pkg/validate/issue.go:185.2,185.58 1 0
github.com/bmanson/backstop-core/pkg/validate/issue.go:185.58,192.3 1 0
github.com/bmanson/backstop-core/pkg/validate/issue.go:192.8,192.41 1 0
github.com/bmanson/backstop-core/pkg/validate/issue.go:192.41,199.3 1 0
github.com/bmanson/backstop-core/pkg/validate/issue.go:201.2,201.19 1 0
github.com/bmanson/backstop-core/pkg/validate/issue.go:205.75,209.9 3 0
github.com/bmanson/backstop-core/pkg/validate/issue.go:209.9,211.3 1 0
github.com/bmanson/backstop-core/pkg/validate/issue.go:212.2,213.9 2 0
github.com/bmanson/backstop-core/pkg/validate/issue.go:213.9,215.3 1 0
github.com/bmanson/backstop-core/pkg/validate/issue.go:216.2,217.9 2 0
github.com/bmanson/backstop-core/pkg/validate/issue.go:217.9,219.3 1 0
github.com/bmanson/backstop-core/pkg/validate/issue.go:221.2,222.30 2 0
github.com/bmanson/backstop-core/pkg/validate/issue.go:222.30,229.3 1 0
github.com/bmanson/backstop-core/pkg/validate/issue.go:231.2,231.19 1 0
github.com/bmanson/backstop-core/pkg/validate/issue.go:237.88,240.25 2 0
github.com/bmanson/backstop-core/pkg/validate/issue.go:240.25,242.51 2 0
github.com/bmanson/backstop-core/pkg/validate/issue.go:242.51,243.54 1 0
github.com/bmanson/backstop-core/pkg/validate/issue.go:243.54,244.43 1 0
github.com/bmanson/backstop-core/pkg/validate/issue.go:244.43,245.60 1 0
github.com/bmanson/backstop-core/pkg/validate/issue.go:245.60,247.7 1 0
github.com/bmanson/backstop-core/pkg/validate/issue.go:251.3,251.20 1 0
github.com/bmanson/backstop-core/pkg/validate/issue.go:251.20,258.4 1 0
github.com/bmanson/backstop-core/pkg/validate/issue.go:261.2,261.24 1 0
github.com/bmanson/backstop-core/pkg/validate/issue.go:261.24,263.51 2 0
github.com/bmanson/backstop-core/pkg/validate/issue.go:263.51,264.58 1 0
github.com/bmanson/backstop-core/pkg/validate/issue.go:264.58,265.53 1 0
github.com/bmanson/backstop-core/pkg/validate/issue.go:265.53,267.6 1 0
github.com/bmanson/backstop-core/pkg/validate/issue.go:270.3,270.17 1 0
github.com/bmanson/backstop-core/pkg/validate/issue.go:270.17,277.4 1 0
github.com/bmanson/backstop-core/pkg/validate/issue.go:280.2,280.19 1 0
github.com/bmanson/backstop-core/pkg/validate/issue.go:284.67,288.9 3 0
github.com/bmanson/backstop-core/pkg/validate/issue.go:288.9,290.3 1 0
github.com/bmanson/backstop-core/pkg/validate/issue.go:292.2,293.9 2 0
github.com/bmanson/backstop-core/pkg/validate/issue.go:293.9,301.3 2 0
github.com/bmanson/backstop-core/pkg/validate/issue.go:303.2,303.73 1 0
github.com/bmanson/backstop-core/pkg/validate/issue.go:303.73,310.3 1 0
github.com/bmanson/backstop-core/pkg/validate/issue.go:312.2,312.81 1 0
github.com/bmanson/backstop-core/pkg/validate/issue.go:312.81,319.3 1 0
github.com/bmanson/backstop-core/pkg/validate/issue.go:321.2,321.69 1 0
github.com/bmanson/backstop-core/pkg/validate/issue.go:321.69,328.3 1 0
github.com/bmanson/backstop-core/pkg/validate/issue.go:330.2,330.19 1 0
github.com/bmanson/backstop-core/pkg/validate/issue.go:336.89,339.35 2 0
github.com/bmanson/backstop-core/pkg/validate/issue.go:339.35,341.3 1 0
github.com/bmanson/backstop-core/pkg/validate/issue.go:344.2,359.19 7 0
github.com/bmanson/backstop-core/pkg/validate/issue.go:364.101,368.9 3 0
github.com/bmanson/backstop-core/pkg/validate/issue.go:368.9,376.3 2 0
github.com/bmanson/backstop-core/pkg/validate/issue.go:378.2,379.9 2 0
github.com/bmanson/backstop-core/pkg/validate/issue.go:379.9,387.3 2 0
github.com/bmanson/backstop-core/pkg/validate/issue.go:389.2,389.20 1 0
github.com/bmanson/backstop-core/pkg/validate/issue.go:389.20,397.3 2 0
github.com/bmanson/backstop-core/pkg/validate/issue.go:399.2,399.28 1 0
github.com/bmanson/backstop-core/pkg/validate/issue.go:399.28,401.10 2 0
github.com/bmanson/backstop-core/pkg/validate/issue.go:401.10,408.12 2 0
github.com/bmanson/backstop-core/pkg/validate/issue.go:411.3,414.34 2 0
github.com/bmanson/backstop-core/pkg/validate/issue.go:414.34,421.4 1 0
github.com/bmanson/backstop-core/pkg/validate/issue.go:421.9,421.71 1 0
github.com/bmanson/backstop-core/pkg/validate/issue.go:421.71,428.4 1 0
github.com/bmanson/backstop-core/pkg/validate/issue.go:428.9,428.27 1 0
github.com/bmanson/backstop-core/pkg/validate/issue.go:428.27,435.4 1 0
github.com/bmanson/backstop-core/pkg/validate/issue.go:435.9,437.4 1 0
github.com/bmanson/backstop-core/pkg/validate/issue.go:440.3,440.38 1 0
github.com/bmanson/backstop-core/pkg/validate/issue.go:440.38,447.4 1 0
github.com/bmanson/backstop-core/pkg/validate/issue.go:447.9,447.79 1 0
github.com/bmanson/backstop-core/pkg/validate/issue.go:447.79,454.4 1 0
github.com/bmanson/backstop-core/pkg/validate/issue.go:457.3,457.40 1 0
github.com/bmanson/backstop-core/pkg/validate/issue.go:457.40,459.43 2 0
github.com/bmanson/backstop-core/pkg/validate/issue.go:459.43,466.5 1 0
github.com/bmanson/backstop-core/pkg/validate/issue.go:466.10,466.43 1 0
github.com/bmanson/backstop-core/pkg/validate/issue.go:466.43,473.5 1 0
github.com/bmanson/backstop-core/pkg/validate/issue.go:477.2,477.19 1 0
github.com/bmanson/backstop-core/pkg/validate/issue.go:482.95,486.9 3 0
github.com/bmanson/backstop-core/pkg/validate/issue.go:486.9,494.3 2 0
github.com/bmanson/backstop-core/pkg/validate/issue.go:496.2,497.9 2 0
github.com/bmanson/backstop-core/pkg/validate/issue.go:497.9,505.3 2 0
github.com/bmanson/backstop-core/pkg/validate/issue.go:507.2,507.22 1 0
github.com/bmanson/backstop-core/pkg/validate/issue.go:507.22,515.3 2 0
github.com/bmanson/backstop-core/pkg/validate/issue.go:517.2,519.30 3 0
github.com/bmanson/backstop-core/pkg/validate/issue.go:519.30,521.10 2 0
github.com/bmanson/backstop-core/pkg/validate/issue.go:521.10,528.12 2 0
github.com/bmanson/backstop-core/pkg/validate/issue.go:531.3,534.36 2 0
github.com/bmanson/backstop-core/pkg/validate/issue.go:534.36,541.4 1 0
github.com/bmanson/backstop-core/pkg/validate/issue.go:541.9,541.73 1 0
github.com/bmanson/backstop-core/pkg/validate/issue.go:541.73,548.4 1 0
github.com/bmanson/backstop-core/pkg/validate/issue.go:548.9,548.25 1 0
github.com/bmanson/backstop-core/pkg/validate/issue.go:548.25,555.4 1 0
github.com/bmanson/backstop-core/pkg/validate/issue.go:555.9,557.4 1 0
github.com/bmanson/backstop-core/pkg/validate/issue.go:560.3,560.40 1 0
github.com/bmanson/backstop-core/pkg/validate/issue.go:560.40,567.4 1 0
github.com/bmanson/backstop-core/pkg/validate/issue.go:567.9,567.79 1 0
github.com/bmanson/backstop-core/pkg/validate/issue.go:567.79,574.4 1 0
github.com/bmanson/backstop-core/pkg/validate/issue.go:577.3,577.46 1 0
github.com/bmanson/backstop-core/pkg/validate/issue.go:577.46,584.4 1 0
github.com/bmanson/backstop-core/pkg/validate/issue.go:584.9,584.62 1 0
github.com/bmanson/backstop-core/pkg/validate/issue.go:584.62,591.4 1 0
github.com/bmanson/backstop-core/pkg/validate/issue.go:591.9,591.53 1 0
github.com/bmanson/backstop-core/pkg/validate/issue.go:591.53,598.4 1 0
github.com/bmanson/backstop-core/pkg/validate/issue.go:598.9,598.32 1 0
github.com/bmanson/backstop-core/pkg/validate/issue.go:598.32,600.4 1 0
github.com/bmanson/backstop-core/pkg/validate/issue.go:603.3,603.42 1 0
github.com/bmanson/backstop-core/pkg/validate/issue.go:603.42,610.4 1 0
github.com/bmanson/backstop-core/pkg/validate/issue.go:610.9,610.75 1 0
github.com/bmanson/backstop-core/pkg/validate/issue.go:610.75,617.4 1 0
github.com/bmanson/backstop-core/pkg/validate/issue.go:621.2,621.31 1 0
github.com/bmanson/backstop-core/pkg/validate/issue.go:621.31,622.26 1 0
github.com/bmanson/backstop-core/pkg/validate/issue.go:622.26,629.4 1 0
github.com/bmanson/backstop-core/pkg/validate/issue.go:632.2,632.19 1 0
github.com/bmanson/backstop-core/pkg/validate/plan.go:29.76,33.43 2 0
github.com/bmanson/backstop-core/pkg/validate/plan.go:33.43,40.3 1 0
github.com/bmanson/backstop-core/pkg/validate/plan.go:43.2,44.18 2 0
github.com/bmanson/backstop-core/pkg/validate/plan.go:44.18,51.3 1 0
github.com/bmanson/backstop-core/pkg/validate/plan.go:51.8,51.42 1 0
github.com/bmanson/backstop-core/pkg/validate/plan.go:51.42,58.3 1 0
github.com/bmanson/backstop-core/pkg/validate/plan.go:61.2,61.58 1 0
github.com/bmanson/backstop-core/pkg/validate/plan.go:61.58,62.51 1 0
github.com/bmanson/backstop-core/pkg/validate/plan.go:62.51,69.4 1 0
github.com/bmanson/backstop-core/pkg/validate/plan.go:73.2,74.18 2 0
github.com/bmanson/backstop-core/pkg/validate/plan.go:74.18,81.3 1 0
github.com/bmanson/backstop-core/pkg/validate/plan.go:81.8,81.42 1 0
github.com/bmanson/backstop-core/pkg/validate/plan.go:81.42,88.3 1 0
github.com/bmanson/backstop-core/pkg/validate/plan.go:91.2,92.18 2 0
github.com/bmanson/backstop-core/pkg/validate/plan.go:92.18,99.3 1 0
github.com/bmanson/backstop-core/pkg/validate/plan.go:99.8,99.34 1 0
github.com/bmanson/backstop-core/pkg/validate/plan.go:99.34,106.3 1 0
github.com/bmanson/backstop-core/pkg/validate/plan.go:109.2,110.19 2 0
github.com/bmanson/backstop-core/pkg/validate/plan.go:110.19,117.3 1 0
github.com/bmanson/backstop-core/pkg/validate/plan.go:117.8,117.41 1 0
github.com/bmanson/backstop-core/pkg/validate/plan.go:117.41,124.3 1 0
github.com/bmanson/backstop-core/pkg/validate/plan.go:127.2,127.60 1 0
github.com/bmanson/backstop-core/pkg/validate/plan.go:127.60,129.29 2 0
github.com/bmanson/backstop-core/pkg/validate/plan.go:130.12,131.32 1 0
github.com/bmanson/backstop-core/pkg/validate/plan.go:132.16,133.58 1 0
github.com/bmanson/backstop-core/pkg/validate/plan.go:135.3,135.13 1 0
github.com/bmanson/backstop-core/pkg/validate/plan.go:135.13,142.4 1 0
github.com/bmanson/backstop-core/pkg/validate/plan.go:146.2,146.106 1 0
github.com/bmanson/backstop-core/pkg/validate/plan.go:146.106,147.44 1 0
github.com/bmanson/backstop-core/pkg/validate/plan.go:147.44,148.34 1 0
github.com/bmanson/backstop-core/pkg/validate/plan.go:148.34,155.5 1 0
github.com/bmanson/backstop-core/pkg/validate/plan.go:160.2,162.49 2 0
github.com/bmanson/backstop-core/pkg/validate/plan.go:176.63,180.9 3 0
github.com/bmanson/backstop-core/pkg/validate/plan.go:180.9,188.3 2 0
github.com/bmanson/backstop-core/pkg/validate/plan.go:190.2,191.9 2 0
github.com/bmanson/backstop-core/pkg/validate/plan.go:191.9,199.3 2 0
github.com/bmanson/backstop-core/pkg/validate/plan.go:201.2,201.22 1 0
github.com/bmanson/backstop-core/pkg/validate/plan.go:201.22,209.3 2 0
github.com/bmanson/backstop-core/pkg/validate/plan.go:211.2,215.30 4 0
github.com/bmanson/backstop-core/pkg/validate/plan.go:215.30,217.10 2 0
github.com/bmanson/backstop-core/pkg/validate/plan.go:217.10,224.12 2 0
github.com/bmanson/backstop-core/pkg/validate/plan.go:228.3,229.35 2 0
github.com/bmanson/backstop-core/pkg/validate/plan.go:229.35,230.35 1 0
github.com/bmanson/backstop-core/pkg/validate/plan.go:230.35,232.5 1 0
github.com/bmanson/backstop-core/pkg/validate/plan.go:234.3,234.10 1 0
github.com/bmanson/backstop-core/pkg/validate/plan.go:235.22,241.6 1 0
github.com/bmanson/backstop-core/pkg/validate/plan.go:242.30,248.6 1 0
github.com/bmanson/backstop-core/pkg/validate/plan.go:249.11,250.32 1 0
github.com/bmanson/backstop-core/pkg/validate/plan.go:254.3,254.40 1 0
github.com/bmanson/backstop-core/pkg/validate/plan.go:254.40,261.4 1 0
github.com/bmanson/backstop-core/pkg/validate/plan.go:261.9,261.79 1 0
github.com/bmanson/backstop-core/pkg/validate/plan.go:261.79,268.4 1 0
github.com/bmanson/backstop-core/pkg/validate/plan.go:271.3,272.16 2 0
github.com/bmanson/backstop-core/pkg/validate/plan.go:272.16,279.12 2 0
github.com/bmanson/backstop-core/pkg/validate/plan.go:282.3,283.29 2 0
github.com/bmanson/backstop-core/pkg/validate/plan.go:283.29,290.12 2 0
github.com/bmanson/backstop-core/pkg/validate/plan.go:293.3,293.34 1 0
github.com/bmanson/backstop-core/pkg/validate/plan.go:293.34,295.11 2 0
github.com/bmanson/backstop-core/pkg/validate/plan.go:295.11,302.13 2 0
github.com/bmanson/backstop-core/pkg/validate/plan.go:305.4,309.35 3 0
github.com/bmanson/backstop-core/pkg/validate/plan.go:309.35,310.36 1 0
github.com/bmanson/backstop-core/pkg/validate/plan.go:310.36,312.6 1 0
github.com/bmanson/backstop-core/pkg/validate/plan.go:315.4,315.39 1 0
github.com/bmanson/backstop-core/pkg/validate/plan.go:315.39,316.38 1 0
github.com/bmanson/backstop-core/pkg/validate/plan.go:316.38,318.6 1 0
github.com/bmanson/backstop-core/pkg/validate/plan.go:320.4,320.11 1 0
github.com/bmanson/backstop-core/pkg/validate/plan.go:321.21,327.7 1 0
github.com/bmanson/backstop-core/pkg/validate/plan.go:328.28,334.7 1 0
github.com/bmanson/backstop-core/pkg/validate/plan.go:335.12,336.30 1 0
github.com/bmanson/backstop-core/pkg/validate/plan.go:340.4,340.42 1 0
github.com/bmanson/backstop-core/pkg/validate/plan.go:340.42,347.5 1 0
github.com/bmanson/backstop-core/pkg/validate/plan.go:347.10,347.83 1 0
github.com/bmanson/backstop-core/pkg/validate/plan.go:347.83,354.5 1 0
github.com/bmanson/backstop-core/pkg/validate/plan.go:357.4,357.47 1 0
github.com/bmanson/backstop-core/pkg/validate/plan.go:357.47,364.5 1 0
github.com/bmanson/backstop-core/pkg/validate/plan.go:364.10,364.80 1 0
github.com/bmanson/backstop-core/pkg/validate/plan.go:364.80,371.5 1 0
github.com/bmanson/backstop-core/pkg/validate/plan.go:374.4,375.17 2 0
github.com/bmanson/backstop-core/pkg/validate/plan.go:375.17,382.5 1 0
github.com/bmanson/backstop-core/pkg/validate/plan.go:382.10,384.31 2 0
github.com/bmanson/backstop-core/pkg/validate/plan.go:384.31,391.6 1 0
github.com/bmanson/backstop-core/pkg/validate/plan.go:391.11,392.30 1 0
github.com/bmanson/backstop-core/pkg/validate/plan.go:392.30,393.34 1 0
github.com/bmanson/backstop-core/pkg/validate/plan.go:393.34,395.8 1 0
github.com/bmanson/backstop-core/pkg/validate/plan.go:401.4,402.18 2 0
github.com/bmanson/backstop-core/pkg/validate/plan.go:402.18,409.5 1 0
github.com/bmanson/backstop-core/pkg/validate/plan.go:409.10,411.32 2 0
github.com/bmanson/backstop-core/pkg/validate/plan.go:411.32,418.6 1 0
github.com/bmanson/backstop-core/pkg/validate/plan.go:422.4,423.16 2 0
github.com/bmanson/backstop-core/pkg/validate/plan.go:423.16,430.5 1 0
github.com/bmanson/backstop-core/pkg/validate/plan.go:430.10,430.54 1 0
github.com/bmanson/backstop-core/pkg/validate/plan.go:430.54,431.28 1 0
github.com/bmanson/backstop-core/pkg/validate/plan.go:431.28,432.33 1 0
github.com/bmanson/backstop-core/pkg/validate/plan.go:432.33,434.7 1 0
github.com/bmanson/backstop-core/pkg/validate/plan.go:438.4,438.35 1 0
github.com/bmanson/backstop-core/pkg/validate/plan.go:443.2,443.29 1 0
github.com/bmanson/backstop-core/pkg/validate/plan.go:443.29,444.35 1 0
github.com/bmanson/backstop-core/pkg/validate/plan.go:444.35,445.25 1 0
github.com/bmanson/backstop-core/pkg/validate/plan.go:445.25,452.5 1 0
github.com/bmanson/backstop-core/pkg/validate/plan.go:457.2,458.29 2 0
github.com/bmanson/backstop-core/pkg/validate/plan.go:458.29,459.17 1 0
github.com/bmanson/backstop-core/pkg/validate/plan.go:459.17,461.4 1 0
github.com/bmanson/backstop-core/pkg/validate/plan.go:463.2,463.29 1 0
github.com/bmanson/backstop-core/pkg/validate/plan.go:463.29,464.10 1 0
github.com/bmanson/backstop-core/pkg/validate/plan.go:465.25,471.6 1 0
github.com/bmanson/backstop-core/pkg/validate/plan.go:472.36,478.6 1 0
github.com/bmanson/backstop-core/pkg/validate/plan.go:483.2,506.19 9 0
github.com/bmanson/backstop-core/pkg/validate/plan.go:512.74,517.26 3 0
github.com/bmanson/backstop-core/pkg/validate/plan.go:517.26,518.17 1 0
github.com/bmanson/backstop-core/pkg/validate/plan.go:518.17,520.4 1 0
github.com/bmanson/backstop-core/pkg/validate/plan.go:525.2,527.25 3 0
github.com/bmanson/backstop-core/pkg/validate/plan.go:527.25,529.3 1 0
github.com/bmanson/backstop-core/pkg/validate/plan.go:532.2,532.26 1 0
github.com/bmanson/backstop-core/pkg/validate/plan.go:532.26,533.37 1 0
github.com/bmanson/backstop-core/pkg/validate/plan.go:533.37,534.35 1 0
github.com/bmanson/backstop-core/pkg/validate/plan.go:534.35,536.5 1 0
github.com/bmanson/backstop-core/pkg/validate/plan.go:541.2,541.25 1 0
github.com/bmanson/backstop-core/pkg/validate/plan.go:541.25,542.26 1 0
github.com/bmanson/backstop-core/pkg/validate/plan.go:542.26,543.21 1 0
github.com/bmanson/backstop-core/pkg/validate/plan.go:543.21,544.31 1 0
github.com/bmanson/backstop-core/pkg/validate/plan.go:544.31,546.6 1 0
github.com/bmanson/backstop-core/pkg/validate/plan.go:552.2,552.25 1 0
github.com/bmanson/backstop-core/pkg/validate/plan.go:552.25,553.20 1 0
github.com/bmanson/backstop-core/pkg/validate/plan.go:553.20,560.4 1 0
github.com/bmanson/backstop-core/pkg/validate/plan.go:564.2,564.25 1 0
github.com/bmanson/backstop-core/pkg/validate/plan.go:564.25,565.30 1 0
github.com/bmanson/backstop-core/pkg/validate/plan.go:565.30,567.38 1 0
github.com/bmanson/backstop-core/pkg/validate/plan.go:567.38,568.13 1 0
github.com/bmanson/backstop-core/pkg/validate/plan.go:572.4,573.37 2 0
github.com/bmanson/backstop-core/pkg/validate/plan.go:573.37,575.5 1 0
github.com/bmanson/backstop-core/pkg/validate/plan.go:576.4,576.37 1 0
github.com/bmanson/backstop-core/pkg/validate/plan.go:576.37,577.18 1 0
github.com/bmanson/backstop-core/pkg/validate/plan.go:577.18,584.6 1 0
github.com/bmanson/backstop-core/pkg/validate/plan.go:589.2,589.19 1 0
github.com/bmanson/backstop-core/pkg/validate/plan.go:594.124,596.22 2 0
github.com/bmanson/backstop-core/pkg/validate/plan.go:596.22,598.3 1 0
github.com/bmanson/backstop-core/pkg/validate/plan.go:601.2,602.9 2 0
github.com/bmanson/backstop-core/pkg/validate/plan.go:602.9,604.3 1 0
github.com/bmanson/backstop-core/pkg/validate/plan.go:607.2,608.9 2 0
github.com/bmanson/backstop-core/pkg/validate/plan.go:608.9,610.3 1 0
github.com/bmanson/backstop-core/pkg/validate/plan.go:611.2,612.9 2 0
github.com/bmanson/backstop-core/pkg/validate/plan.go:612.9,614.3 1 0
github.com/bmanson/backstop-core/pkg/validate/plan.go:616.2,617.35 2 0
github.com/bmanson/backstop-core/pkg/validate/plan.go:617.35,618.31 1 0
github.com/bmanson/backstop-core/pkg/validate/plan.go:618.31,620.4 1 0
github.com/bmanson/backstop-core/pkg/validate/plan.go:624.2,626.33 3 0
github.com/bmanson/backstop-core/pkg/validate/plan.go:626.33,628.10 2 0
github.com/bmanson/backstop-core/pkg/validate/plan.go:628.10,629.12 1 0
github.com/bmanson/backstop-core/pkg/validate/plan.go:631.3,632.31 2 0
github.com/bmanson/backstop-core/pkg/validate/plan.go:632.31,633.32 1 0
github.com/bmanson/backstop-core/pkg/validate/plan.go:633.32,635.5 1 0
github.com/bmanson/backstop-core/pkg/validate/plan.go:637.3,637.40 1 0
github.com/bmanson/backstop-core/pkg/validate/plan.go:637.40,639.41 2 0
github.com/bmanson/backstop-core/pkg/validate/plan.go:639.41,640.50 1 0
github.com/bmanson/backstop-core/pkg/validate/plan.go:640.50,641.30 1 0
github.com/bmanson/backstop-core/pkg/validate/plan.go:641.30,642.34 1 0
github.com/bmanson/backstop-core/pkg/validate/plan.go:642.34,644.8 1 0
github.com/bmanson/backstop-core/pkg/validate/plan.go:651.2,651.22 1 0
github.com/bmanson/backstop-core/pkg/validate/plan.go:651.22,659.3 2 0
github.com/bmanson/backstop-core/pkg/validate/plan.go:662.2,663.29 2 0
github.com/bmanson/backstop-core/pkg/validate/plan.go:663.29,664.29 1 0
github.com/bmanson/backstop-core/pkg/validate/plan.go:664.29,666.17 2 0
github.com/bmanson/backstop-core/pkg/validate/plan.go:666.17,668.5 1 0
github.com/bmanson/backstop-core/pkg/validate/plan.go:673.2,674.32 2 0
github.com/bmanson/backstop-core/pkg/validate/plan.go:674.32,676.16 2 0
github.com/bmanson/backstop-core/pkg/validate/plan.go:676.16,678.4 1 0
github.com/bmanson/backstop-core/pkg/validate/plan.go:682.2,682.38 1 0
github.com/bmanson/backstop-core/pkg/validate/plan.go:682.38,683.30 1 0
github.com/bmanson/backstop-core/pkg/validate/plan.go:683.30,690.4 1 0
github.com/bmanson/backstop-core/pkg/validate/plan.go:693.2,693.19 1 0
github.com/bmanson/backstop-core/pkg/validate/plan.go:697.39,699.35 2 0
github.com/bmanson/backstop-core/pkg/validate/plan.go:699.35,700.35 1 0
github.com/bmanson/backstop-core/pkg/validate/plan.go:700.35,702.4 1 0
github.com/bmanson/backstop-core/pkg/validate/plan.go:704.2,704.36 1 0
github.com/bmanson/backstop-core/pkg/validate/plan.go:704.36,706.3 1 0
github.com/bmanson/backstop-core/pkg/validate/plan.go:708.2,708.11 1 0
github.com/bmanson/backstop-core/pkg/validate/plan.go:714.104,716.21 2 0
github.com/bmanson/backstop-core/pkg/validate/plan.go:716.21,718.3 1 0
github.com/bmanson/backstop-core/pkg/validate/plan.go:721.2,728.30 3 0
github.com/bmanson/backstop-core/pkg/validate/plan.go:728.30,730.10 2 0
github.com/bmanson/backstop-core/pkg/validate/plan.go:730.10,731.12 1 0
github.com/bmanson/backstop-core/pkg/validate/plan.go:733.3,737.32 2 0
github.com/bmanson/backstop-core/pkg/validate/plan.go:737.32,738.32 1 0
github.com/bmanson/backstop-core/pkg/validate/plan.go:738.32,740.5 1 0
github.com/bmanson/backstop-core/pkg/validate/plan.go:742.3,742.41 1 0
github.com/bmanson/backstop-core/pkg/validate/plan.go:742.41,743.49 1 0
github.com/bmanson/backstop-core/pkg/validate/plan.go:743.49,744.36 1 0
github.com/bmanson/backstop-core/pkg/validate/plan.go:744.36,746.13 2 0
github.com/bmanson/backstop-core/pkg/validate/plan.go:746.13,747.15 1 0
github.com/bmanson/backstop-core/pkg/validate/plan.go:749.6,749.34 1 0
github.com/bmanson/backstop-core/pkg/validate/plan.go:749.34,750.35 1 0
github.com/bmanson/backstop-core/pkg/validate/plan.go:750.35,752.8 1 0
github.com/bmanson/backstop-core/pkg/validate/plan.go:754.6,754.43 1 0
github.com/bmanson/backstop-core/pkg/validate/plan.go:754.43,755.52 1 0
github.com/bmanson/backstop-core/pkg/validate/plan.go:755.52,756.32 1 0
github.com/bmanson/backstop-core/pkg/validate/plan.go:756.32,757.36 1 0
github.com/bmanson/backstop-core/pkg/validate/plan.go:757.36,759.10 1 0
github.com/bmanson/backstop-core/pkg/validate/plan.go:766.3,766.38 1 0
github.com/bmanson/backstop-core/pkg/validate/plan.go:770.2,771.32 2 0
github.com/bmanson/backstop-core/pkg/validate/plan.go:771.32,772.31 1 0
github.com/bmanson/backstop-core/pkg/validate/plan.go:772.31,774.4 1 0
github.com/bmanson/backstop-core/pkg/validate/plan.go:779.2,781.27 3 0
github.com/bmanson/backstop-core/pkg/validate/plan.go:781.27,783.3 1 0
github.com/bmanson/backstop-core/pkg/validate/plan.go:784.2,784.29 1 0
github.com/bmanson/backstop-core/pkg/validate/plan.go:784.29,786.10 2 0
github.com/bmanson/backstop-core/pkg/validate/plan.go:786.10,787.12 1 0
github.com/bmanson/backstop-core/pkg/validate/plan.go:789.3,789.35 1 0
github.com/bmanson/backstop-core/pkg/validate/plan.go:789.35,791.11 2 0
github.com/bmanson/backstop-core/pkg/validate/plan.go:791.11,792.13 1 0
github.com/bmanson/backstop-core/pkg/validate/plan.go:794.4,794.24 1 0
github.com/bmanson/backstop-core/pkg/validate/plan.go:794.24,796.5 1 0
github.com/bmanson/backstop-core/pkg/validate/plan.go:801.2,801.33 1 0
github.com/bmanson/backstop-core/pkg/validate/plan.go:801.33,802.34 1 0
github.com/bmanson/backstop-core/pkg/validate/plan.go:802.34,803.23 1 0
github.com/bmanson/backstop-core/pkg/validate/plan.go:803.23,804.33 1 0
github.com/bmanson/backstop-core/pkg/validate/plan.go:804.33,806.6 1 0
github.com/bmanson/backstop-core/pkg/validate/plan.go:812.2,812.33 1 0
github.com/bmanson/backstop-core/pkg/validate/plan.go:812.33,813.38 1 0
github.com/bmanson/backstop-core/pkg/validate/plan.go:813.38,814.42 1 0
github.com/bmanson/backstop-core/pkg/validate/plan.go:814.42,815.13 1 0
github.com/bmanson/backstop-core/pkg/validate/plan.go:818.4,818.39 1 0
github.com/bmanson/backstop-core/pkg/validate/plan.go:818.39,819.31 1 0
github.com/bmanson/backstop-core/pkg/validate/plan.go:819.31,826.6 1 0
github.com/bmanson/backstop-core/pkg/validate/plan.go:831.2,831.19 1 0
github.com/bmanson/backstop-core/pkg/validate/plan.go:836.92,838.26 2 0
github.com/bmanson/backstop-core/pkg/validate/plan.go:838.26,839.37 1 0
github.com/bmanson/backstop-core/pkg/validate/plan.go:839.37,840.12 1 0
github.com/bmanson/backstop-core/pkg/validate/plan.go:842.3,843.35 2 0
github.com/bmanson/backstop-core/pkg/validate/plan.go:843.35,844.30 1 0
github.com/bmanson/backstop-core/pkg/validate/plan.go:844.30,846.10 2 0
github.com/bmanson/backstop-core/pkg/validate/plan.go:849.3,849.18 1 0
github.com/bmanson/backstop-core/pkg/validate/plan.go:849.18,856.4 1 0
github.com/bmanson/backstop-core/pkg/validate/plan.go:858.2,858.19 1 0
github.com/bmanson/backstop-core/pkg/validate/plan.go:863.104,865.30 2 0
github.com/bmanson/backstop-core/pkg/validate/plan.go:865.30,867.10 2 0
github.com/bmanson/backstop-core/pkg/validate/plan.go:867.10,868.12 1 0
github.com/bmanson/backstop-core/pkg/validate/plan.go:870.3,871.10 2 0
github.com/bmanson/backstop-core/pkg/validate/plan.go:871.10,872.12 1 0
github.com/bmanson/backstop-core/pkg/validate/plan.go:874.3,875.10 2 0
github.com/bmanson/backstop-core/pkg/validate/plan.go:875.10,876.12 1 0
github.com/bmanson/backstop-core/pkg/validate/plan.go:879.3,882.32 4 0
github.com/bmanson/backstop-core/pkg/validate/plan.go:882.32,883.32 1 0
github.com/bmanson/backstop-core/pkg/validate/plan.go:883.32,885.5 1 0
github.com/bmanson/backstop-core/pkg/validate/plan.go:888.3,888.34 1 0
github.com/bmanson/backstop-core/pkg/validate/plan.go:888.34,890.11 2 0
github.com/bmanson/backstop-core/pkg/validate/plan.go:890.11,891.13 1 0
github.com/bmanson/backstop-core/pkg/validate/plan.go:893.4,894.32 2 0
github.com/bmanson/backstop-core/pkg/validate/plan.go:894.32,895.33 1 0
github.com/bmanson/backstop-core/pkg/validate/plan.go:895.33,897.6 1 0
github.com/bmanson/backstop-core/pkg/validate/plan.go:899.4,900.50 2 0
github.com/bmanson/backstop-core/pkg/validate/plan.go:900.50,902.5 1 0
github.com/bmanson/backstop-core/pkg/validate/plan.go:903.4,903.28 1 0
github.com/bmanson/backstop-core/pkg/validate/plan.go:903.28,905.5 1 0
github.com/bmanson/backstop-core/pkg/validate/plan.go:908.3,908.38 1 0
github.com/bmanson/backstop-core/pkg/validate/plan.go:908.38,915.4 1 0
github.com/bmanson/backstop-core/pkg/validate/plan.go:917.2,917.19 1 0
github.com/bmanson/backstop-core/pkg/validate/plan.go:922.105,924.26 2 0
github.com/bmanson/backstop-core/pkg/validate/plan.go:924.26,925.35 1 0
github.com/bmanson/backstop-core/pkg/validate/plan.go:925.35,926.12 1 0
github.com/bmanson/backstop-core/pkg/validate/plan.go:928.3,929.35 2 0
github.com/bmanson/backstop-core/pkg/validate/plan.go:929.35,931.50 2 0
github.com/bmanson/backstop-core/pkg/validate/plan.go:931.50,933.10 2 0
github.com/bmanson/backstop-core/pkg/validate/plan.go:936.3,936.25 1 0
github.com/bmanson/backstop-core/pkg/validate/plan.go:936.25,943.4 1 0
github.com/bmanson/backstop-core/pkg/validate/plan.go:945.2,945.19 1 0
github.com/bmanson/backstop-core/pkg/validate/plan.go:951.101,958.26 3 0
github.com/bmanson/backstop-core/pkg/validate/plan.go:958.26,959.31 1 0
github.com/bmanson/backstop-core/pkg/validate/plan.go:959.31,960.12 1 0
github.com/bmanson/backstop-core/pkg/validate/plan.go:962.3,962.35 1 0
github.com/bmanson/backstop-core/pkg/validate/plan.go:962.35,964.42 2 0
github.com/bmanson/backstop-core/pkg/validate/plan.go:964.42,971.5 1 0
github.com/bmanson/backstop-core/pkg/validate/plan.go:974.2,974.19 1 0
github.com/bmanson/backstop-core/pkg/validate/plan.go:980.101,987.26 3 0
github.com/bmanson/backstop-core/pkg/validate/plan.go:987.26,988.27 1 0
github.com/bmanson/backstop-core/pkg/validate/plan.go:988.27,989.12 1 0
github.com/bmanson/backstop-core/pkg/validate/plan.go:991.3,991.35 1 0
github.com/bmanson/backstop-core/pkg/validate/plan.go:991.35,993.38 2 0
github.com/bmanson/backstop-core/pkg/validate/plan.go:993.38,1000.5 1 0
github.com/bmanson/backstop-core/pkg/validate/plan.go:1003.2,1003.19 1 0
github.com/bmanson/backstop-core/pkg/validate/result.go:17.39,19.2 1 2
github.com/bmanson/backstop-core/pkg/validate/spec.go:36.25,36.38 1 4
github.com/bmanson/backstop-core/pkg/validate/spec.go:39.78,45.31 4 70
github.com/bmanson/backstop-core/pkg/validate/spec.go:45.31,47.17 2 70
github.com/bmanson/backstop-core/pkg/validate/spec.go:47.17,49.4 1 70
github.com/bmanson/backstop-core/pkg/validate/spec.go:50.3,50.18 1 70
github.com/bmanson/backstop-core/pkg/validate/spec.go:50.18,57.4 1 4
github.com/bmanson/backstop-core/pkg/validate/spec.go:61.2,61.41 1 70
github.com/bmanson/backstop-core/pkg/validate/spec.go:61.41,63.17 2 66
github.com/bmanson/backstop-core/pkg/validate/spec.go:63.17,66.73 3 66
github.com/bmanson/backstop-core/pkg/validate/spec.go:66.73,68.5 1 0
github.com/bmanson/backstop-core/pkg/validate/spec.go:69.4,69.73 1 66
github.com/bmanson/backstop-core/pkg/validate/spec.go:69.73,71.5 1 0
github.com/bmanson/backstop-core/pkg/validate/spec.go:72.4,72.14 1 66
github.com/bmanson/backstop-core/pkg/validate/spec.go:72.14,79.5 1 0
github.com/bmanson/backstop-core/pkg/validate/spec.go:84.2,84.16 1 70
github.com/bmanson/backstop-core/pkg/validate/spec.go:84.16,86.15 2 66
github.com/bmanson/backstop-core/pkg/validate/spec.go:86.15,88.80 2 66
github.com/bmanson/backstop-core/pkg/validate/spec.go:88.80,95.5 1 1
github.com/bmanson/backstop-core/pkg/validate/spec.go:100.2,100.16 1 70
github.com/bmanson/backstop-core/pkg/validate/spec.go:100.16,102.34 2 66
github.com/bmanson/backstop-core/pkg/validate/spec.go:102.34,104.53 2 66
github.com/bmanson/backstop-core/pkg/validate/spec.go:104.53,111.5 1 1
github.com/bmanson/backstop-core/pkg/validate/spec.go:116.2,116.29 1 70
github.com/bmanson/backstop-core/pkg/validate/spec.go:116.29,119.36 3 70
github.com/bmanson/backstop-core/pkg/validate/spec.go:119.36,120.19 1 210
github.com/bmanson/backstop-core/pkg/validate/spec.go:120.19,122.10 2 68
github.com/bmanson/backstop-core/pkg/validate/spec.go:125.3,125.13 1 70
github.com/bmanson/backstop-core/pkg/validate/spec.go:125.13,132.4 1 2
github.com/bmanson/backstop-core/pkg/validate/spec.go:136.2,136.44 1 70
github.com/bmanson/backstop-core/pkg/validate/spec.go:136.44,138.34 2 70
github.com/bmanson/backstop-core/pkg/validate/spec.go:138.34,139.63 1 273
github.com/bmanson/backstop-core/pkg/validate/spec.go:139.63,141.10 2 68
github.com/bmanson/backstop-core/pkg/validate/spec.go:144.3,144.13 1 70
github.com/bmanson/backstop-core/pkg/validate/spec.go:144.13,151.4 1 2
github.com/bmanson/backstop-core/pkg/validate/spec.go:155.2,155.62 1 70
github.com/bmanson/backstop-core/pkg/validate/spec.go:155.62,157.80 2 69
github.com/bmanson/backstop-core/pkg/validate/spec.go:157.80,164.4 1 1
github.com/bmanson/backstop-core/pkg/validate/spec.go:168.2,192.47 12 70
github.com/bmanson/backstop-core/pkg/validate/spec.go:196.88,200.9 3 70
github.com/bmanson/backstop-core/pkg/validate/spec.go:200.9,208.3 2 3
github.com/bmanson/backstop-core/pkg/validate/spec.go:210.2,211.9 2 67
github.com/bmanson/backstop-core/pkg/validate/spec.go:211.9,219.3 2 1
github.com/bmanson/backstop-core/pkg/validate/spec.go:222.2,223.15 2 66
github.com/bmanson/backstop-core/pkg/validate/spec.go:223.15,230.3 1 1
github.com/bmanson/backstop-core/pkg/validate/spec.go:230.8,232.40 2 65
github.com/bmanson/backstop-core/pkg/validate/spec.go:232.40,239.4 1 1
github.com/bmanson/backstop-core/pkg/validate/spec.go:239.9,244.32 3 64
github.com/bmanson/backstop-core/pkg/validate/spec.go:244.32,251.5 1 1
github.com/bmanson/backstop-core/pkg/validate/spec.go:251.10,251.26 1 63
github.com/bmanson/backstop-core/pkg/validate/spec.go:251.26,252.19 1 62
github.com/bmanson/backstop-core/pkg/validate/spec.go:252.19,259.6 1 1
github.com/bmanson/backstop-core/pkg/validate/spec.go:259.11,261.25 2 61
github.com/bmanson/backstop-core/pkg/validate/spec.go:261.25,268.7 1 1
github.com/bmanson/backstop-core/pkg/validate/spec.go:275.2,275.39 1 66
github.com/bmanson/backstop-core/pkg/validate/spec.go:275.39,282.3 1 1
github.com/bmanson/backstop-core/pkg/validate/spec.go:284.2,284.19 1 66
github.com/bmanson/backstop-core/pkg/validate/spec.go:288.90,292.9 3 70
github.com/bmanson/backstop-core/pkg/validate/spec.go:292.9,300.3 2 2
github.com/bmanson/backstop-core/pkg/validate/spec.go:302.2,303.9 2 68
github.com/bmanson/backstop-core/pkg/validate/spec.go:303.9,311.3 2 1
github.com/bmanson/backstop-core/pkg/validate/spec.go:313.2,313.53 1 67
github.com/bmanson/backstop-core/pkg/validate/spec.go:313.53,314.60 1 134
github.com/bmanson/backstop-core/pkg/validate/spec.go:314.60,321.4 1 2
github.com/bmanson/backstop-core/pkg/validate/spec.go:324.2,324.19 1 67
github.com/bmanson/backstop-core/pkg/validate/spec.go:334.67,338.9 3 70
github.com/bmanson/backstop-core/pkg/validate/spec.go:338.9,346.3 2 3
github.com/bmanson/backstop-core/pkg/validate/spec.go:348.2,349.9 2 67
github.com/bmanson/backstop-core/pkg/validate/spec.go:349.9,357.3 2 1
github.com/bmanson/backstop-core/pkg/validate/spec.go:359.2,359.20 1 66
github.com/bmanson/backstop-core/pkg/validate/spec.go:359.20,367.3 2 1
github.com/bmanson/backstop-core/pkg/validate/spec.go:369.2,369.28 1 65
github.com/bmanson/backstop-core/pkg/validate/spec.go:369.28,371.10 2 127
github.com/bmanson/backstop-core/pkg/validate/spec.go:371.10,378.12 2 1
github.com/bmanson/backstop-core/pkg/validate/spec.go:381.3,382.13 2 126
github.com/bmanson/backstop-core/pkg/validate/spec.go:382.13,389.4 1 0
github.com/bmanson/backstop-core/pkg/validate/spec.go:389.9,391.11 2 126
github.com/bmanson/backstop-core/pkg/validate/spec.go:392.41,398.7 1 1
github.com/bmanson/backstop-core/pkg/validate/spec.go:399.24,405.7 1 1
github.com/bmanson/backstop-core/pkg/validate/spec.go:406.12,407.26 1 124
github.com/bmanson/backstop-core/pkg/validate/spec.go:411.3,412.15 2 126
github.com/bmanson/backstop-core/pkg/validate/spec.go:412.15,419.4 1 1
github.com/bmanson/backstop-core/pkg/validate/spec.go:419.9,419.79 1 125
github.com/bmanson/backstop-core/pkg/validate/spec.go:419.79,426.4 1 0
github.com/bmanson/backstop-core/pkg/validate/spec.go:430.3,430.40 1 126
github.com/bmanson/backstop-core/pkg/validate/spec.go:430.40,432.30 2 3
github.com/bmanson/backstop-core/pkg/validate/spec.go:433.16,434.27 1 3
github.com/bmanson/backstop-core/pkg/validate/spec.go:435.23,436.28 1 0
github.com/bmanson/backstop-core/pkg/validate/spec.go:436.28,437.36 1 0
github.com/bmanson/backstop-core/pkg/validate/spec.go:437.36,439.7 1 0
github.com/bmanson/backstop-core/pkg/validate/spec.go:442.4,442.26 1 3
github.com/bmanson/backstop-core/pkg/validate/spec.go:442.26,449.5 1 0
github.com/bmanson/backstop-core/pkg/validate/spec.go:450.4,450.33 1 3
github.com/bmanson/backstop-core/pkg/validate/spec.go:450.33,451.69 1 3
github.com/bmanson/backstop-core/pkg/validate/spec.go:451.69,458.6 1 2
github.com/bmanson/backstop-core/pkg/validate/spec.go:464.3,464.43 1 126
github.com/bmanson/backstop-core/pkg/validate/spec.go:464.43,466.34 2 13
github.com/bmanson/backstop-core/pkg/validate/spec.go:467.16,468.35 1 10
github.com/bmanson/backstop-core/pkg/validate/spec.go:468.35,475.6 1 1
github.com/bmanson/backstop-core/pkg/validate/spec.go:475.11,477.6 1 9
github.com/bmanson/backstop-core/pkg/validate/spec.go:478.23,479.20 1 3
github.com/bmanson/backstop-core/pkg/validate/spec.go:479.20,486.6 1 1
github.com/bmanson/backstop-core/pkg/validate/spec.go:486.11,487.29 1 2
github.com/bmanson/backstop-core/pkg/validate/spec.go:487.29,488.37 1 4
github.com/bmanson/backstop-core/pkg/validate/spec.go:488.37,490.8 1 4
github.com/bmanson/backstop-core/pkg/validate/spec.go:495.4,495.95 1 13
github.com/bmanson/backstop-core/pkg/validate/spec.go:495.95,502.5 1 0
github.com/bmanson/backstop-core/pkg/validate/spec.go:503.4,503.41 1 13
github.com/bmanson/backstop-core/pkg/validate/spec.go:503.41,504.88 1 13
github.com/bmanson/backstop-core/pkg/validate/spec.go:504.88,511.6 1 6
github.com/bmanson/backstop-core/pkg/validate/spec.go:516.2,516.15 1 65
github.com/bmanson/backstop-core/pkg/validate/spec.go:526.72,531.2 1 70
github.com/bmanson/backstop-core/pkg/validate/spec.go:533.48,534.23 1 2
github.com/bmanson/backstop-core/pkg/validate/spec.go:534.23,535.21 1 2
github.com/bmanson/backstop-core/pkg/validate/spec.go:535.21,537.4 1 2
github.com/bmanson/backstop-core/pkg/validate/spec.go:539.2,539.14 1 0
github.com/bmanson/backstop-core/pkg/validate/spec.go:544.90,548.9 3 70
github.com/bmanson/backstop-core/pkg/validate/spec.go:548.9,556.3 2 3
github.com/bmanson/backstop-core/pkg/validate/spec.go:558.2,559.9 2 67
github.com/bmanson/backstop-core/pkg/validate/spec.go:559.9,567.3 2 1
github.com/bmanson/backstop-core/pkg/validate/spec.go:569.2,569.22 1 66
github.com/bmanson/backstop-core/pkg/validate/spec.go:569.22,577.3 2 1
github.com/bmanson/backstop-core/pkg/validate/spec.go:579.2,581.30 3 65
github.com/bmanson/backstop-core/pkg/validate/spec.go:581.30,583.10 2 121
github.com/bmanson/backstop-core/pkg/validate/spec.go:583.10,590.12 2 1
github.com/bmanson/backstop-core/pkg/validate/spec.go:594.3,595.13 2 120
github.com/bmanson/backstop-core/pkg/validate/spec.go:595.13,602.4 1 1
github.com/bmanson/backstop-core/pkg/validate/spec.go:602.9,604.11 2 119
github.com/bmanson/backstop-core/pkg/validate/spec.go:605.43,611.7 1 1
github.com/bmanson/backstop-core/pkg/validate/spec.go:612.21,618.7 1 1
github.com/bmanson/backstop-core/pkg/validate/spec.go:619.12,620.23 1 117
github.com/bmanson/backstop-core/pkg/validate/spec.go:625.3,626.15 2 120
github.com/bmanson/backstop-core/pkg/validate/spec.go:626.15,633.4 1 1
github.com/bmanson/backstop-core/pkg/validate/spec.go:633.9,633.79 1 119
github.com/bmanson/backstop-core/pkg/validate/spec.go:633.79,640.4 1 1
github.com/bmanson/backstop-core/pkg/validate/spec.go:643.3,644.14 2 120
github.com/bmanson/backstop-core/pkg/validate/spec.go:644.14,651.4 1 2
github.com/bmanson/backstop-core/pkg/validate/spec.go:651.9,651.62 1 118
github.com/bmanson/backstop-core/pkg/validate/spec.go:651.62,658.4 1 0
github.com/bmanson/backstop-core/pkg/validate/spec.go:658.9,658.51 1 118
github.com/bmanson/backstop-core/pkg/validate/spec.go:658.51,665.4 1 15
github.com/bmanson/backstop-core/pkg/validate/spec.go:665.9,665.30 1 103
github.com/bmanson/backstop-core/pkg/validate/spec.go:665.30,668.4 1 103
github.com/bmanson/backstop-core/pkg/validate/spec.go:671.3,672.16 2 120
github.com/bmanson/backstop-core/pkg/validate/spec.go:672.16,679.4 1 0
github.com/bmanson/backstop-core/pkg/validate/spec.go:679.9,681.30 2 120
github.com/bmanson/backstop-core/pkg/validate/spec.go:681.30,688.5 1 1
github.com/bmanson/backstop-core/pkg/validate/spec.go:693.2,693.31 1 65
github.com/bmanson/backstop-core/pkg/validate/spec.go:693.31,694.26 1 116
github.com/bmanson/backstop-core/pkg/validate/spec.go:694.26,701.4 1 14
github.com/bmanson/backstop-core/pkg/validate/spec.go:704.2,704.19 1 65
github.com/bmanson/backstop-core/pkg/validate/spec.go:709.46,710.24 1 66
github.com/bmanson/backstop-core/pkg/validate/spec.go:710.24,712.3 1 0
github.com/bmanson/backstop-core/pkg/validate/spec.go:713.2,715.37 3 66
github.com/bmanson/backstop-core/pkg/validate/spec.go:715.37,717.3 1 66
github.com/bmanson/backstop-core/pkg/validate/spec.go:718.2,718.11 1 0
github.com/bmanson/backstop-core/pkg/validate/spec.go:722.31,723.23 1 61
github.com/bmanson/backstop-core/pkg/validate/spec.go:724.11,725.11 1 61
github.com/bmanson/backstop-core/pkg/validate/spec.go:726.15,727.16 1 0
github.com/bmanson/backstop-core/pkg/validate/spec.go:729.2,729.10 1 0
github.com/bmanson/backstop-core/pkg/validate/standard.go:43.82,48.31 3 0
github.com/bmanson/backstop-core/pkg/validate/standard.go:48.31,50.50 2 0
github.com/bmanson/backstop-core/pkg/validate/standard.go:50.50,56.4 1 0
github.com/bmanson/backstop-core/pkg/validate/standard.go:60.2,61.47 2 0
github.com/bmanson/backstop-core/pkg/validate/standard.go:61.47,67.3 1 0
github.com/bmanson/backstop-core/pkg/validate/standard.go:70.2,70.36 1 0
github.com/bmanson/backstop-core/pkg/validate/standard.go:70.36,72.31 2 0
github.com/bmanson/backstop-core/pkg/validate/standard.go:72.31,78.4 1 0
github.com/bmanson/backstop-core/pkg/validate/standard.go:82.2,83.44 2 0
github.com/bmanson/backstop-core/pkg/validate/standard.go:83.44,89.3 1 0
github.com/bmanson/backstop-core/pkg/validate/standard.go:92.2,93.41 2 0
github.com/bmanson/backstop-core/pkg/validate/standard.go:93.41,99.3 1 0
github.com/bmanson/backstop-core/pkg/validate/standard.go:102.2,103.17 2 0
github.com/bmanson/backstop-core/pkg/validate/standard.go:103.17,109.3 1 0
github.com/bmanson/backstop-core/pkg/validate/standard.go:109.8,109.32 1 0
github.com/bmanson/backstop-core/pkg/validate/standard.go:109.32,115.3 1 0
github.com/bmanson/backstop-core/pkg/validate/standard.go:118.2,118.39 1 0
github.com/bmanson/backstop-core/pkg/validate/standard.go:118.39,124.3 1 0
github.com/bmanson/backstop-core/pkg/validate/standard.go:127.2,128.16 2 0
github.com/bmanson/backstop-core/pkg/validate/standard.go:128.16,134.3 1 0
github.com/bmanson/backstop-core/pkg/validate/standard.go:137.2,145.47 6 0
github.com/bmanson/backstop-core/pkg/validate/standard.go:148.91,152.9 3 0
github.com/bmanson/backstop-core/pkg/validate/standard.go:152.9,159.3 2 0
github.com/bmanson/backstop-core/pkg/validate/standard.go:161.2,162.9 2 0
github.com/bmanson/backstop-core/pkg/validate/standard.go:162.9,169.3 2 0
github.com/bmanson/backstop-core/pkg/validate/standard.go:171.2,171.24 1 0
github.com/bmanson/backstop-core/pkg/validate/standard.go:171.24,178.3 2 0
github.com/bmanson/backstop-core/pkg/validate/standard.go:180.2,183.32 3 0
github.com/bmanson/backstop-core/pkg/validate/standard.go:183.32,185.10 2 0
github.com/bmanson/backstop-core/pkg/validate/standard.go:185.10,191.12 2 0
github.com/bmanson/backstop-core/pkg/validate/standard.go:194.3,195.107 2 0
github.com/bmanson/backstop-core/pkg/validate/standard.go:198.2,198.19 1 0
github.com/bmanson/backstop-core/pkg/validate/standard.go:201.140,205.99 2 0
github.com/bmanson/backstop-core/pkg/validate/standard.go:205.99,207.10 2 0
github.com/bmanson/backstop-core/pkg/validate/standard.go:207.10,213.12 2 0
github.com/bmanson/backstop-core/pkg/validate/standard.go:215.3,215.27 1 0
github.com/bmanson/backstop-core/pkg/validate/standard.go:215.27,217.27 2 0
github.com/bmanson/backstop-core/pkg/validate/standard.go:217.27,223.5 1 0
github.com/bmanson/backstop-core/pkg/validate/standard.go:228.2,228.51 1 0
github.com/bmanson/backstop-core/pkg/validate/standard.go:228.51,229.32 1 0
github.com/bmanson/backstop-core/pkg/validate/standard.go:229.32,235.4 1 0
github.com/bmanson/backstop-core/pkg/validate/standard.go:236.3,236.18 1 0
github.com/bmanson/backstop-core/pkg/validate/standard.go:236.18,242.4 1 0
github.com/bmanson/backstop-core/pkg/validate/standard.go:243.3,243.21 1 0
github.com/bmanson/backstop-core/pkg/validate/standard.go:247.2,247.57 1 0
github.com/bmanson/backstop-core/pkg/validate/standard.go:247.57,248.22 1 0
github.com/bmanson/backstop-core/pkg/validate/standard.go:248.22,254.4 1 0
github.com/bmanson/backstop-core/pkg/validate/standard.go:255.3,255.25 1 0
github.com/bmanson/backstop-core/pkg/validate/standard.go:259.2,259.84 1 0
github.com/bmanson/backstop-core/pkg/validate/standard.go:259.84,265.3 1 0
github.com/bmanson/backstop-core/pkg/validate/standard.go:268.2,268.84 1 0
github.com/bmanson/backstop-core/pkg/validate/standard.go:268.84,274.3 1 0
github.com/bmanson/backstop-core/pkg/validate/standard.go:277.2,277.99 1 0
github.com/bmanson/backstop-core/pkg/validate/standard.go:277.99,283.3 1 0
github.com/bmanson/backstop-core/pkg/validate/standard.go:286.2,288.19 2 0
github.com/bmanson/backstop-core/pkg/validate/standard.go:291.101,295.9 3 0
github.com/bmanson/backstop-core/pkg/validate/standard.go:295.9,297.3 1 0
github.com/bmanson/backstop-core/pkg/validate/standard.go:299.2,300.9 2 0
github.com/bmanson/backstop-core/pkg/validate/standard.go:300.9,307.3 2 0
github.com/bmanson/backstop-core/pkg/validate/standard.go:309.2,310.27 2 0
github.com/bmanson/backstop-core/pkg/validate/standard.go:310.27,317.3 2 0
github.com/bmanson/backstop-core/pkg/validate/standard.go:319.2,319.41 1 0
github.com/bmanson/backstop-core/pkg/validate/standard.go:319.41,326.3 2 0
github.com/bmanson/backstop-core/pkg/validate/standard.go:328.2,328.18 1 0
github.com/bmanson/backstop-core/pkg/validate/standard.go:329.17,330.51 1 0
github.com/bmanson/backstop-core/pkg/validate/standard.go:330.51,331.43 1 0
github.com/bmanson/backstop-core/pkg/validate/standard.go:331.43,337.5 1 0
github.com/bmanson/backstop-core/pkg/validate/standard.go:339.16,340.57 1 0
github.com/bmanson/backstop-core/pkg/validate/standard.go:340.57,346.4 1 0
github.com/bmanson/backstop-core/pkg/validate/standard.go:347.15,348.60 1 0
github.com/bmanson/backstop-core/pkg/validate/standard.go:348.60,354.4 1 0
github.com/bmanson/backstop-core/pkg/validate/standard.go:355.19,356.70 1 0
github.com/bmanson/backstop-core/pkg/validate/standard.go:356.70,362.4 1 0
github.com/bmanson/backstop-core/pkg/validate/standard.go:363.3,363.51 1 0
github.com/bmanson/backstop-core/pkg/validate/standard.go:363.51,369.4 1 0
github.com/bmanson/backstop-core/pkg/validate/standard.go:373.2,373.76 1 0
github.com/bmanson/backstop-core/pkg/validate/standard.go:373.76,374.57 1 0
github.com/bmanson/backstop-core/pkg/validate/standard.go:374.57,380.4 1 0
github.com/bmanson/backstop-core/pkg/validate/standard.go:383.2,383.19 1 0
github.com/bmanson/backstop-core/pkg/validate/standard.go:386.86,390.9 3 0
github.com/bmanson/backstop-core/pkg/validate/standard.go:390.9,392.3 1 0
github.com/bmanson/backstop-core/pkg/validate/standard.go:394.2,395.9 2 0
github.com/bmanson/backstop-core/pkg/validate/standard.go:395.9,402.3 2 0
github.com/bmanson/backstop-core/pkg/validate/standard.go:404.2,404.34 1 0
github.com/bmanson/backstop-core/pkg/validate/standard.go:404.34,406.10 2 0
github.com/bmanson/backstop-core/pkg/validate/standard.go:406.10,412.12 2 0
github.com/bmanson/backstop-core/pkg/validate/standard.go:415.3,416.31 2 0
github.com/bmanson/backstop-core/pkg/validate/standard.go:416.31,422.4 1 0
github.com/bmanson/backstop-core/pkg/validate/standard.go:425.2,425.19 1 0
github.com/bmanson/backstop-core/pkg/validate/standard.go:428.76,430.9 2 0
github.com/bmanson/backstop-core/pkg/validate/standard.go:430.9,432.3 1 0
github.com/bmanson/backstop-core/pkg/validate/standard.go:433.2,434.9 2 0
github.com/bmanson/backstop-core/pkg/validate/standard.go:434.9,436.3 1 0
github.com/bmanson/backstop-core/pkg/validate/standard.go:437.2,437.10 1 0
