mode: atomic
github.com/bmanson/backstop-core/pkg/config/config.go:45.43,47.16 2 1
github.com/bmanson/backstop-core/pkg/config/config.go:47.16,49.3 1 0
github.com/bmanson/backstop-core/pkg/config/config.go:50.2,50.36 1 1
github.com/bmanson/backstop-core/pkg/config/config.go:55.62,58.19 2 9
github.com/bmanson/backstop-core/pkg/config/config.go:58.19,60.31 1 4
github.com/bmanson/backstop-core/pkg/config/config.go:60.31,62.18 2 1
github.com/bmanson/backstop-core/pkg/config/config.go:62.18,64.5 1 0
github.com/bmanson/backstop-core/pkg/config/config.go:65.4,65.41 1 1
github.com/bmanson/backstop-core/pkg/config/config.go:67.3,68.17 2 4
github.com/bmanson/backstop-core/pkg/config/config.go:68.17,70.4 1 1
github.com/bmanson/backstop-core/pkg/config/config.go:71.3,71.19 1 3
github.com/bmanson/backstop-core/pkg/config/config.go:71.19,73.4 1 1
github.com/bmanson/backstop-core/pkg/config/config.go:74.3,74.22 1 2
github.com/bmanson/backstop-core/pkg/config/config.go:78.2,79.16 2 5
github.com/bmanson/backstop-core/pkg/config/config.go:79.16,81.3 1 0
github.com/bmanson/backstop-core/pkg/config/config.go:83.2,83.6 1 5
github.com/bmanson/backstop-core/pkg/config/config.go:83.6,85.47 2 15
github.com/bmanson/backstop-core/pkg/config/config.go:85.47,87.4 1 4
github.com/bmanson/backstop-core/pkg/config/config.go:88.3,89.20 2 11
github.com/bmanson/backstop-core/pkg/config/config.go:89.20,92.4 1 1
github.com/bmanson/backstop-core/pkg/config/config.go:93.3,93.15 1 10
github.com/bmanson/backstop-core/pkg/config/config.go:99.36,101.16 2 1
github.com/bmanson/backstop-core/pkg/config/config.go:101.16,103.3 1 0
github.com/bmanson/backstop-core/pkg/config/config.go:104.2,104.33 1 1
github.com/bmanson/backstop-core/pkg/config/config.go:108.53,110.16 2 1
github.com/bmanson/backstop-core/pkg/config/config.go:110.16,112.3 1 0
github.com/bmanson/backstop-core/pkg/config/config.go:113.2,113.33 1 1
github.com/bmanson/backstop-core/pkg/config/config.go:117.55,119.16 2 15
github.com/bmanson/backstop-core/pkg/config/config.go:119.16,121.3 1 0
github.com/bmanson/backstop-core/pkg/config/config.go:124.2,127.45 4 15
github.com/bmanson/backstop-core/pkg/config/config.go:127.45,129.3 1 1
github.com/bmanson/backstop-core/pkg/config/config.go:132.2,132.52 1 14
github.com/bmanson/backstop-core/pkg/config/config.go:132.52,134.3 1 6
github.com/bmanson/backstop-core/pkg/config/config.go:137.2,137.44 1 8
github.com/bmanson/backstop-core/pkg/config/config.go:137.44,139.3 1 7
github.com/bmanson/backstop-core/pkg/config/config.go:141.2,141.18 1 8
github.com/bmanson/backstop-core/pkg/config/config.go:148.39,149.23 1 14
github.com/bmanson/backstop-core/pkg/config/config.go:149.23,151.3 1 13
github.com/bmanson/backstop-core/pkg/config/config.go:152.2,153.16 2 1
github.com/bmanson/backstop-core/pkg/config/config.go:153.16,155.3 1 0
github.com/bmanson/backstop-core/pkg/config/config.go:156.2,157.24 2 1
github.com/bmanson/backstop-core/pkg/config/config.go:162.51,164.16 2 14
github.com/bmanson/backstop-core/pkg/config/config.go:164.16,166.3 1 0
github.com/bmanson/backstop-core/pkg/config/config.go:169.2,170.55 2 14
github.com/bmanson/backstop-core/pkg/config/config.go:170.55,172.3 1 0
github.com/bmanson/backstop-core/pkg/config/config.go:175.2,176.55 2 14
github.com/bmanson/backstop-core/pkg/config/config.go:176.55,178.3 1 0
github.com/bmanson/backstop-core/pkg/config/config.go:181.2,185.9 3 14
github.com/bmanson/backstop-core/pkg/config/config.go:185.9,187.3 1 0
github.com/bmanson/backstop-core/pkg/config/config.go:190.2,191.29 2 14
github.com/bmanson/backstop-core/pkg/config/config.go:191.29,193.16 2 26
github.com/bmanson/backstop-core/pkg/config/config.go:193.16,194.12 1 0
github.com/bmanson/backstop-core/pkg/config/config.go:196.3,196.40 1 26
github.com/bmanson/backstop-core/pkg/config/config.go:196.40,198.4 1 3
github.com/bmanson/backstop-core/pkg/config/config.go:202.2,202.53 1 11
github.com/bmanson/backstop-core/pkg/config/config.go:202.53,203.47 1 11
github.com/bmanson/backstop-core/pkg/config/config.go:203.47,205.28 2 11
github.com/bmanson/backstop-core/pkg/config/config.go:205.28,206.43 1 34
github.com/bmanson/backstop-core/pkg/config/config.go:206.43,208.6 1 0
github.com/bmanson/backstop-core/pkg/config/config.go:214.2,214.45 1 11
github.com/bmanson/backstop-core/pkg/config/config.go:214.45,215.56 1 7
github.com/bmanson/backstop-core/pkg/config/config.go:215.56,216.44 1 7
github.com/bmanson/backstop-core/pkg/config/config.go:216.44,217.58 1 7
github.com/bmanson/backstop-core/pkg/config/config.go:217.58,218.43 1 7
github.com/bmanson/backstop-core/pkg/config/config.go:218.43,221.28 3 7
github.com/bmanson/backstop-core/pkg/config/config.go:221.28,223.8 1 3
github.com/bmanson/backstop-core/pkg/config/config.go:230.2,230.12 1 8
github.com/bmanson/backstop-core/pkg/config/config.go:236.51,237.25 1 81
github.com/bmanson/backstop-core/pkg/config/config.go:238.30,240.25 2 36
github.com/bmanson/backstop-core/pkg/config/config.go:240.25,242.4 1 64
github.com/bmanson/backstop-core/pkg/config/config.go:243.3,243.16 1 36
github.com/bmanson/backstop-core/pkg/config/config.go:244.35,246.25 2 0
github.com/bmanson/backstop-core/pkg/config/config.go:246.25,248.4 1 0
github.com/bmanson/backstop-core/pkg/config/config.go:249.3,249.16 1 0
github.com/bmanson/backstop-core/pkg/config/config.go:250.21,251.28 1 2
github.com/bmanson/backstop-core/pkg/config/config.go:251.28,253.4 1 3
github.com/bmanson/backstop-core/pkg/config/config.go:254.3,254.13 1 2
github.com/bmanson/backstop-core/pkg/config/config.go:255.10,256.13 1 43
github.com/bmanson/backstop-core/cmd/backstop/embed.go:17.38,19.2 1 2
github.com/bmanson/backstop-core/cmd/backstop/exitcode.go:21.76,22.22 1 10
github.com/bmanson/backstop-core/cmd/backstop/exitcode.go:22.22,24.3 1 5
github.com/bmanson/backstop-core/cmd/backstop/exitcode.go:25.2,25.20 1 5
github.com/bmanson/backstop-core/cmd/backstop/exitcode.go:25.20,27.3 1 2
github.com/bmanson/backstop-core/cmd/backstop/exitcode.go:28.2,28.17 1 3
github.com/bmanson/backstop-core/cmd/backstop/main.go:5.13,7.42 2 0
github.com/bmanson/backstop-core/cmd/backstop/main.go:7.42,10.3 1 0
github.com/bmanson/backstop-core/cmd/backstop/output.go:37.88,44.38 2 9
github.com/bmanson/backstop-core/cmd/backstop/output.go:44.38,51.3 1 1
github.com/bmanson/backstop-core/cmd/backstop/output.go:53.2,54.16 2 9
github.com/bmanson/backstop-core/cmd/backstop/output.go:54.16,56.3 1 0
github.com/bmanson/backstop-core/cmd/backstop/output.go:57.2,57.26 1 9
github.com/bmanson/backstop-core/cmd/backstop/output.go:65.89,71.38 3 5
github.com/bmanson/backstop-core/cmd/backstop/output.go:71.38,72.40 1 5
github.com/bmanson/backstop-core/cmd/backstop/output.go:72.40,74.4 1 1
github.com/bmanson/backstop-core/cmd/backstop/output.go:74.9,76.4 1 4
github.com/bmanson/backstop-core/cmd/backstop/output.go:80.2,80.19 1 5
github.com/bmanson/backstop-core/cmd/backstop/output.go:80.19,81.15 1 0
github.com/bmanson/backstop-core/cmd/backstop/output.go:81.15,83.4 1 0
github.com/bmanson/backstop-core/cmd/backstop/output.go:83.9,85.4 1 0
github.com/bmanson/backstop-core/cmd/backstop/output.go:86.8,87.15 1 5
github.com/bmanson/backstop-core/cmd/backstop/output.go:87.15,89.4 1 4
github.com/bmanson/backstop-core/cmd/backstop/output.go:89.9,91.4 1 1
github.com/bmanson/backstop-core/cmd/backstop/output.go:94.2,94.25 1 5
github.com/bmanson/backstop-core/cmd/backstop/root.go:20.38,32.52 2 22
github.com/bmanson/backstop-core/cmd/backstop/root.go:32.52,34.4 1 1
github.com/bmanson/backstop-core/cmd/backstop/root.go:38.2,41.66 2 22
github.com/bmanson/backstop-core/cmd/backstop/root.go:41.66,43.17 2 7
github.com/bmanson/backstop-core/cmd/backstop/root.go:43.17,45.4 1 2
github.com/bmanson/backstop-core/cmd/backstop/root.go:46.3,46.13 1 5
github.com/bmanson/backstop-core/cmd/backstop/root.go:50.2,61.52 2 22
github.com/bmanson/backstop-core/cmd/backstop/root.go:61.52,64.4 2 1
github.com/bmanson/backstop-core/cmd/backstop/root.go:67.2,72.52 1 22
github.com/bmanson/backstop-core/cmd/backstop/root.go:72.52,75.4 2 1
github.com/bmanson/backstop-core/cmd/backstop/root.go:78.2,92.52 3 22
github.com/bmanson/backstop-core/cmd/backstop/root.go:92.52,95.4 2 1
github.com/bmanson/backstop-core/cmd/backstop/root.go:97.2,113.52 4 22
github.com/bmanson/backstop-core/cmd/backstop/root.go:113.52,116.4 2 1
github.com/bmanson/backstop-core/cmd/backstop/root.go:119.2,127.52 2 22
github.com/bmanson/backstop-core/cmd/backstop/root.go:127.52,130.4 2 1
github.com/bmanson/backstop-core/cmd/backstop/root.go:134.2,138.52 1 22
github.com/bmanson/backstop-core/cmd/backstop/root.go:138.52,140.18 2 2
github.com/bmanson/backstop-core/cmd/backstop/root.go:140.18,142.5 1 0
github.com/bmanson/backstop-core/cmd/backstop/root.go:143.4,145.16 2 2
github.com/bmanson/backstop-core/cmd/backstop/root.go:145.16,153.19 3 1
github.com/bmanson/backstop-core/cmd/backstop/root.go:153.19,155.6 1 0
github.com/bmanson/backstop-core/cmd/backstop/root.go:156.5,156.29 1 1
github.com/bmanson/backstop-core/cmd/backstop/root.go:157.10,161.5 3 1
github.com/bmanson/backstop-core/cmd/backstop/root.go:162.4,162.14 1 2
github.com/bmanson/backstop-core/cmd/backstop/root.go:167.2,171.52 1 22
github.com/bmanson/backstop-core/cmd/backstop/root.go:171.52,174.18 3 4
github.com/bmanson/backstop-core/cmd/backstop/root.go:174.18,176.5 1 0
github.com/bmanson/backstop-core/cmd/backstop/root.go:177.4,178.14 2 4
github.com/bmanson/backstop-core/cmd/backstop/root.go:182.2,184.16 2 22
github.com/bmanson/backstop-core/cmd/backstop/root.go:196.82,199.37 2 16
github.com/bmanson/backstop-core/cmd/backstop/root.go:199.37,200.57 1 48
github.com/bmanson/backstop-core/cmd/backstop/root.go:200.57,201.12 1 8
github.com/bmanson/backstop-core/cmd/backstop/root.go:203.3,204.23 2 40
github.com/bmanson/backstop-core/cmd/backstop/root.go:204.23,206.4 1 16
github.com/bmanson/backstop-core/cmd/backstop/root.go:208.3,209.44 2 40
github.com/bmanson/backstop-core/cmd/backstop/root.go:209.44,211.4 1 12
github.com/bmanson/backstop-core/cmd/backstop/root.go:213.3,213.53 1 40
github.com/bmanson/backstop-core/cmd/backstop/root.go:213.53,215.4 1 40
github.com/bmanson/backstop-core/cmd/backstop/root.go:217.3,225.27 2 40
github.com/bmanson/backstop-core/cmd/backstop/root.go:225.27,227.4 1 12
github.com/bmanson/backstop-core/cmd/backstop/root.go:230.2,230.20 1 16
github.com/bmanson/backstop-core/cmd/backstop/root.go:234.47,235.23 1 4
github.com/bmanson/backstop-core/cmd/backstop/root.go:235.23,237.3 1 1
github.com/bmanson/backstop-core/cmd/backstop/root.go:239.2,240.28 2 3
github.com/bmanson/backstop-core/cmd/backstop/root.go:240.28,245.3 3 19
github.com/bmanson/backstop-core/cmd/backstop/root.go:246.2,246.78 1 3
github.com/bmanson/backstop-core/cmd/backstop/root.go:250.95,251.34 1 7
github.com/bmanson/backstop-core/cmd/backstop/root.go:251.34,254.17 3 6
github.com/bmanson/backstop-core/cmd/backstop/root.go:254.17,256.4 1 0
github.com/bmanson/backstop-core/cmd/backstop/root.go:257.3,257.19 1 6
github.com/bmanson/backstop-core/cmd/backstop/root.go:258.8,261.17 3 1
github.com/bmanson/backstop-core/cmd/backstop/root.go:261.17,263.4 1 0
github.com/bmanson/backstop-core/cmd/backstop/root.go:264.3,264.17 1 1
github.com/bmanson/backstop-core/cmd/backstop/root.go:266.2,266.12 1 7
